Component: ARM Compiler 5.06 update 5 (build 528) Tool: armlink [4d35e2]

==============================================================================

Section Cross References

    startup_stm32h750xx.o(STACK) refers (Special) to heapauxi.o(.text) for __use_two_region_memory
    startup_stm32h750xx.o(HEAP) refers (Special) to heapauxi.o(.text) for __use_two_region_memory
    startup_stm32h750xx.o(RESET) refers (Special) to heapauxi.o(.text) for __use_two_region_memory
    startup_stm32h750xx.o(RESET) refers to startup_stm32h750xx.o(STACK) for __initial_sp
    startup_stm32h750xx.o(RESET) refers to startup_stm32h750xx.o(.text) for Reset_Handler
    startup_stm32h750xx.o(RESET) refers to stm32h7xx_it.o(i.NMI_Handler) for NMI_Handler
    startup_stm32h750xx.o(RESET) refers to stm32h7xx_it.o(i.HardFault_Handler) for HardFault_Handler
    startup_stm32h750xx.o(RESET) refers to stm32h7xx_it.o(i.MemManage_Handler) for MemManage_Handler
    startup_stm32h750xx.o(RESET) refers to stm32h7xx_it.o(i.BusFault_Handler) for BusFault_Handler
    startup_stm32h750xx.o(RESET) refers to stm32h7xx_it.o(i.UsageFault_Handler) for UsageFault_Handler
    startup_stm32h750xx.o(RESET) refers to stm32h7xx_it.o(i.SVC_Handler) for SVC_Handler
    startup_stm32h750xx.o(RESET) refers to stm32h7xx_it.o(i.DebugMon_Handler) for DebugMon_Handler
    startup_stm32h750xx.o(RESET) refers to stm32h7xx_it.o(i.PendSV_Handler) for PendSV_Handler
    startup_stm32h750xx.o(RESET) refers to stm32h7xx_it.o(i.SysTick_Handler) for SysTick_Handler
    startup_stm32h750xx.o(RESET) refers to stm32h7xx_it.o(i.EXTI9_5_IRQHandler) for EXTI9_5_IRQHandler
    startup_stm32h750xx.o(RESET) refers to stm32h7xx_it.o(i.USART1_IRQHandler) for USART1_IRQHandler
    startup_stm32h750xx.o(RESET) refers to stm32h7xx_it.o(i.USART2_IRQHandler) for USART2_IRQHandler
    startup_stm32h750xx.o(RESET) refers to stm32h7xx_it.o(i.TIM6_DAC_IRQHandler) for TIM6_DAC_IRQHandler
    startup_stm32h750xx.o(.text) refers (Special) to heapauxi.o(.text) for __use_two_region_memory
    startup_stm32h750xx.o(.text) refers to system_stm32h7xx.o(i.ExitRun0Mode) for ExitRun0Mode
    startup_stm32h750xx.o(.text) refers to system_stm32h7xx.o(i.SystemInit) for SystemInit
    startup_stm32h750xx.o(.text) refers to __main.o(!!!main) for __main
    startup_stm32h750xx.o(.text) refers to startup_stm32h750xx.o(HEAP) for Heap_Mem
    startup_stm32h750xx.o(.text) refers to startup_stm32h750xx.o(STACK) for Stack_Mem
    imu901.o(i.IMU901_DecodeFrame) refers to stm32h7xx_hal.o(i.HAL_GetTick) for HAL_GetTick
    imu901.o(i.IMU901_DecodeFrame) refers to imu901.o(.bss) for .bss
    imu901.o(i.IMU901_DecodeFrame) refers to imu901.o(.data) for .data
    imu901.o(i.IMU901_EnsureAccelRange2G) refers to stm32h7xx_hal_uart.o(i.HAL_UART_Transmit) for HAL_UART_Transmit
    imu901.o(i.IMU901_EnsureAccelRange2G) refers to stm32h7xx_hal.o(i.HAL_GetTick) for HAL_GetTick
    imu901.o(i.IMU901_EnsureAccelRange2G) refers to imu901.o(i.IMU901_Process) for IMU901_Process
    imu901.o(i.IMU901_EnsureAccelRange2G) refers to stm32h7xx_hal.o(i.HAL_Delay) for HAL_Delay
    imu901.o(i.IMU901_EnsureAccelRange2G) refers to imu901.o(.data) for .data
    imu901.o(i.IMU901_EnsureAccelRange2G) refers to imu901.o(.constdata) for .constdata
    imu901.o(i.IMU901_GetData) refers to rt_memcpy_w.o(.text) for __aeabi_memcpy4
    imu901.o(i.IMU901_GetData) refers to imu901.o(.bss) for .bss
    imu901.o(i.IMU901_HasFreshAccel) refers to stm32h7xx_hal.o(i.HAL_GetTick) for HAL_GetTick
    imu901.o(i.IMU901_HasFreshAccel) refers to imu901.o(.bss) for .bss
    imu901.o(i.IMU901_HasFreshAngle) refers to stm32h7xx_hal.o(i.HAL_GetTick) for HAL_GetTick
    imu901.o(i.IMU901_HasFreshAngle) refers to imu901.o(.bss) for .bss
    imu901.o(i.IMU901_Init) refers to rt_memclr_w.o(.text) for __aeabi_memclr4
    imu901.o(i.IMU901_Init) refers to imu901.o(i.IMU901_ResetParser) for IMU901_ResetParser
    imu901.o(i.IMU901_Init) refers to stm32h7xx_hal_uart.o(i.HAL_UART_Receive_IT) for HAL_UART_Receive_IT
    imu901.o(i.IMU901_Init) refers to imu901.o(.data) for .data
    imu901.o(i.IMU901_Init) refers to imu901.o(.bss) for .bss
    imu901.o(i.IMU901_ParseByte) refers to imu901.o(i.IMU901_DecodeFrame) for IMU901_DecodeFrame
    imu901.o(i.IMU901_ParseByte) refers to imu901.o(i.IMU901_ResetParser) for IMU901_ResetParser
    imu901.o(i.IMU901_ParseByte) refers to imu901.o(.bss) for .bss
    imu901.o(i.IMU901_Process) refers to imu901.o(i.IMU901_ParseByte) for IMU901_ParseByte
    imu901.o(i.IMU901_Process) refers to imu901.o(.data) for .data
    imu901.o(i.IMU901_Process) refers to imu901.o(.bss) for .bss
    imu901.o(i.IMU901_ResetParser) refers to rt_memclr_w.o(.text) for __aeabi_memclr4
    imu901.o(i.IMU901_ResetParser) refers to imu901.o(.bss) for .bss
    imu901.o(i.IMU901_SetAngleOutput100Hz) refers to stm32h7xx_hal_uart.o(i.HAL_UART_Transmit) for HAL_UART_Transmit
[...]
    _fp_trap_init                             - Undefined Weak Reference
    _fp_trap_shutdown                         - Undefined Weak Reference
    _get_lc_collate                           - Undefined Weak Reference
    _get_lc_monetary                          - Undefined Weak Reference
    _get_lc_numeric                           - Undefined Weak Reference
    _get_lc_time                              - Undefined Weak Reference
    _getenv_init                              - Undefined Weak Reference
    _handle_redirection                       - Undefined Weak Reference
    _init_alloc                               - Undefined Weak Reference
    _init_user_alloc                          - Undefined Weak Reference
    _initio                                   - Undefined Weak Reference
    _printf_mbtowc                            - Undefined Weak Reference
    _printf_truncate_signed                   - Undefined Weak Reference
    _printf_truncate_unsigned                 - Undefined Weak Reference
    _rand_init                                - Undefined Weak Reference
    _signal_finish                            - Undefined Weak Reference
    _signal_init                              - Undefined Weak Reference
    _terminate_alloc                          - Undefined Weak Reference
    _terminate_user_alloc                     - Undefined Weak Reference
    _terminateio                              - Undefined Weak Reference
    __Vectors_Size                           0x00000298   Number         0  startup_stm32h750xx.o ABSOLUTE
    __Vectors                                0x08000000   Data           4  startup_stm32h750xx.o(RESET)
    __Vectors_End                            0x08000298   Data           0  startup_stm32h750xx.o(RESET)
    __main                                   0x08000299   Thumb Code     8  __main.o(!!!main)
    __scatterload                            0x080002a1   Thumb Code     0  __scatter.o(!!!scatter)
    __scatterload_rt2                        0x080002a1   Thumb Code    44  __scatter.o(!!!scatter)
    __scatterload_rt2_thumb_only             0x080002a1   Thumb Code     0  __scatter.o(!!!scatter)
    __scatterload_null                       0x080002af   Thumb Code     0  __scatter.o(!!!scatter)
    __decompress                             0x080002d5   Thumb Code    90  __dczerorl2.o(!!dczerorl2)
    __decompress1                            0x080002d5   Thumb Code     0  __dczerorl2.o(!!dczerorl2)
    __scatterload_zeroinit                   0x08000331   Thumb Code    28  __scatter_zi.o(!!handler_zi)
    _printf_d                                0x0800034d   Thumb Code     0  _printf_d.o(.ARM.Collect$$_printf_percent$$00000009)
    _printf_percent                          0x0800034d   Thumb Code     0  _printf_percent.o(.ARM.Collect$$_printf_percent$$00000000)
    _printf_u                                0x08000353   Thumb Code     0  _printf_u.o(.ARM.Collect$$_printf_percent$$0000000A)
    _printf_c                                0x08000359   Thumb Code     0  _printf_c.o(.ARM.Collect$$_printf_percent$$00000013)
    _printf_percent_end                      0x0800035f   Thumb Code     0  _printf_percent_end.o(.ARM.Collect$$_printf_percent$$00000017)
    __rt_lib_init                            0x08000363   Thumb Code     0  libinit.o(.ARM.Collect$$libinit$$00000000)
    __rt_lib_init_fp_1                       0x08000365   Thumb Code     0  libinit2.o(.ARM.Collect$$libinit$$00000001)
    __rt_lib_init_heap_1                     0x08000369   Thumb Code     0  libinit2.o(.ARM.Collect$$libinit$$0000000A)
    __rt_lib_init_lc_common                  0x08000369   Thumb Code     0  libinit2.o(.ARM.Collect$$libinit$$0000000F)
    __rt_lib_init_preinit_1                  0x08000369   Thumb Code     0  libinit2.o(.ARM.Collect$$libinit$$00000004)
    __rt_lib_init_rand_1                     0x08000369   Thumb Code     0  libinit2.o(.ARM.Collect$$libinit$$0000000E)
    __rt_lib_init_user_alloc_1               0x08000369   Thumb Code     0  libinit2.o(.ARM.Collect$$libinit$$0000000C)
    __rt_lib_init_lc_collate_1               0x0800036f   Thumb Code     0  libinit2.o(.ARM.Collect$$libinit$$00000011)
    __rt_lib_init_lc_ctype_2                 0x0800036f   Thumb Code     0  libinit2.o(.ARM.Collect$$libinit$$00000012)
    __rt_lib_init_alloca_1                   0x0800037b   Thumb Code     0  libinit2.o(.ARM.Collect$$libinit$$0000002E)
    __rt_lib_init_argv_1                     0x0800037b   Thumb Code     0  libinit2.o(.ARM.Collect$$libinit$$0000002C)
    __rt_lib_init_atexit_1                   0x0800037b   Thumb Code     0  libinit2.o(.ARM.Collect$$libinit$$0000001B)
    __rt_lib_init_clock_1                    0x0800037b   Thumb Code     0  libinit2.o(.ARM.Collect$$libinit$$00000021)
    __rt_lib_init_cpp_1                      0x0800037b   Thumb Code     0  libinit2.o(.ARM.Collect$$libinit$$00000032)
    __rt_lib_init_exceptions_1               0x0800037b   Thumb Code     0  libinit2.o(.ARM.Collect$$libinit$$00000030)
    __rt_lib_init_fp_trap_1                  0x0800037b   Thumb Code     0  libinit2.o(.ARM.Collect$$libinit$$0000001F)
    __rt_lib_init_getenv_1                   0x0800037b   Thumb Code     0  libinit2.o(.ARM.Collect$$libinit$$00000023)
    __rt_lib_init_lc_ctype_1                 0x0800037b   Thumb Code     0  libinit2.o(.ARM.Collect$$libinit$$00000013)
    __rt_lib_init_lc_monetary_1              0x0800037b   Thumb Code     0  libinit2.o(.ARM.Collect$$libinit$$00000015)
    __rt_lib_init_lc_numeric_1               0x0800037b   Thumb Code     0  libinit2.o(.ARM.Collect$$libinit$$00000017)
    __rt_lib_init_lc_time_1                  0x0800037b   Thumb Code     0  libinit2.o(.ARM.Collect$$libinit$$00000019)
    __rt_lib_init_return                     0x0800037b   Thumb Code     0  libinit2.o(.ARM.Collect$$libinit$$00000033)
    __rt_lib_init_signal_1                   0x0800037b   Thumb Code     0  libinit2.o(.ARM.Collect$$libinit$$0000001D)
    __rt_lib_init_stdio_1                    0x0800037b   Thumb Code     0  libinit2.o(.ARM.Collect$$libinit$$00000025)
    __rt_lib_shutdown                        0x0800037d   Thumb Code     0  libshutdown.o(.ARM.Collect$$libshutdown$$00000000)
    __rt_lib_shutdown_cpp_1                  0x0800037f   Thumb Code     0  libshutdown2.o(.ARM.Collect$$libshutdown$$00000002)
    __rt_lib_shutdown_fp_trap_1              0x0800037f   Thumb Code     0  libshutdown2.o(.ARM.Collect$$libshutdown$$00000007)
    __rt_lib_shutdown_heap_1                 0x0800037f   Thumb Code     0  libshutdown2.o(.ARM.Collect$$libshutdown$$0000000F)
    __rt_lib_shutdown_return                 0x0800037f   Thumb Code     0  libshutdown2.o(.ARM.Collect$$libshutdown$$00000010)
    __rt_lib_shutdown_signal_1               0x0800037f   Thumb Code     0  libshutdown2.o(.ARM.Collect$$libshutdown$$0000000A)
    __rt_lib_shutdown_stdio_1                0x0800037f   Thumb Code     0  libshutdown2.o(.ARM.Collect$$libshutdown$$00000004)
    __rt_lib_shutdown_user_alloc_1           0x0800037f   Thumb Code     0  libshutdown2.o(.ARM.Collect$$libshutdown$$0000000C)
    __rt_entry                               0x08000381   Thumb Code     0  __rtentry.o(.ARM.Collect$$rtentry$$00000000)
    __rt_entry_presh_1                       0x08000381   Thumb Code     0  __rtentry2.o(.ARM.Collect$$rtentry$$00000002)
    __rt_entry_sh                            0x08000381   Thumb Code     0  __rtentry4.o(.ARM.Collect$$rtentry$$00000004)
    __rt_entry_li                            0x08000387   Thumb Code     0  __rtentry2.o(.ARM.Collect$$rtentry$$0000000A)
    __rt_entry_postsh_1                      0x08000387   Thumb Code     0  __rtentry2.o(.ARM.Collect$$rtentry$$00000009)
    __rt_entry_main                          0x0800038b   Thumb Code     0  __rtentry2.o(.ARM.Collect$$rtentry$$0000000D)
    __rt_entry_postli_1                      0x0800038b   Thumb Code     0  __rtentry2.o(.ARM.Collect$$rtentry$$0000000C)
    __rt_exit                                0x08000393   Thumb Code     0  rtexit.o(.ARM.Collect$$rtexit$$00000000)
    __rt_exit_ls                             0x08000395   Thumb Code     0  rtexit2.o(.ARM.Collect$$rtexit$$00000003)
    __rt_exit_prels_1                        0x08000395   Thumb Code     0  rtexit2.o(.ARM.Collect$$rtexit$$00000002)
    __rt_exit_exit                           0x08000399   Thumb Code     0  rtexit2.o(.ARM.Collect$$rtexit$$00000004)
    Reset_Handler                            0x080003a1   Thumb Code    12  startup_stm32h750xx.o(.text)
    ADC3_IRQHandler                          0x080003bf   Thumb Code     0  startup_stm32h750xx.o(.text)
    ADC_IRQHandler                           0x080003bf   Thumb Code     0  startup_stm32h750xx.o(.text)
    BDMA_Channel0_IRQHandler                 0x080003bf   Thumb Code     0  startup_stm32h750xx.o(.text)
    BDMA_Channel1_IRQHandler                 0x080003bf   Thumb Code     0  startup_stm32h750xx.o(.text)
    BDMA_Channel2_IRQHandler                 0x080003bf   Thumb Code     0  startup_stm32h750xx.o(.text)
    BDMA_Channel3_IRQHandler                 0x080003bf   Thumb Code     0  startup_stm32h750xx.o(.text)
    BDMA_Channel4_IRQHandler                 0x080003bf   Thumb Code     0  startup_stm32h750xx.o(.text)
    BDMA_Channel5_IRQHandler                 0x080003bf   Thumb Code     0  startup_stm32h750xx.o(.text)
    BDMA_Channel6_IRQHandler                 0x080003bf   Thumb Code     0  startup_stm32h750xx.o(.text)
    BDMA_Channel7_IRQHandler                 0x080003bf   Thumb Code     0  startup_stm32h750xx.o(.text)
    CEC_IRQHandler                           0x080003bf   Thumb Code     0  startup_stm32h750xx.o(.text)
    COMP1_IRQHandler                         0x080003bf   Thumb Code     0  startup_stm32h750xx.o(.text)
    CRS_IRQHandler                           0x080003bf   Thumb Code     0  startup_stm32h750xx.o(.text)
    CRYP_IRQHandler                          0x080003bf   Thumb Code     0  startup_stm32h750xx.o(.text)
    DCMI_IRQHandler                          0x080003bf   Thumb Code     0  startup_stm32h750xx.o(.text)
    DFSDM1_FLT0_IRQHandler                   0x080003bf   Thumb Code     0  startup_stm32h750xx.o(.text)
    DFSDM1_FLT1_IRQHandler                   0x080003bf   Thumb Code     0  startup_stm32h750xx.o(.text)
    DFSDM1_FLT2_IRQHandler                   0x080003bf   Thumb Code     0  startup_stm32h750xx.o(.text)
    DFSDM1_FLT3_IRQHandler                   0x080003bf   Thumb Code     0  startup_stm32h750xx.o(.text)
    DMA1_Stream0_IRQHandler                  0x080003bf   Thumb Code     0  startup_stm32h750xx.o(.text)
    DMA1_Stream1_IRQHandler                  0x080003bf   Thumb Code     0  startup_stm32h750xx.o(.text)
    DMA1_Stream2_IRQHandler                  0x080003bf   Thumb Code     0  startup_stm32h750xx.o(.text)
    DMA1_Stream3_IRQHandler                  0x080003bf   Thumb Code     0  startup_stm32h750xx.o(.text)
    DMA1_Stream4_IRQHandler                  0x080003bf   Thumb Code     0  startup_stm32h750xx.o(.text)
    DMA1_Stream5_IRQHandler                  0x080003bf   Thumb Code     0  startup_stm32h750xx.o(.text)
    DMA1_Stream6_IRQHandler                  0x080003bf   Thumb Code     0  startup_stm32h750xx.o(.text)
    DMA1_Stream7_IRQHandler                  0x080003bf   Thumb Code     0  startup_stm32h750xx.o(.text)
    DMA2D_IRQHandler                         0x080003bf   Thumb Code     0  startup_stm32h750xx.o(.text)
    DMA2_Stream0_IRQHandler                  0x080003bf   Thumb Code     0  startup_stm32h750xx.o(.text)
    DMA2_Stream1_IRQHandler                  0x080003bf   Thumb Code     0  startup_stm32h750xx.o(.text)
    DMA2_Stream2_IRQHandler                  0x080003bf   Thumb Code     0  startup_stm32h750xx.o(.text)
    DMA2_Stream3_IRQHandler                  0x080003bf   Thumb Code     0  startup_stm32h750xx.o(.text)
    DMA2_Stream4_IRQHandler                  0x080003bf   Thumb Code     0  startup_stm32h750xx.o(.text)
    DMA2_Stream5_IRQHandler                  0x080003bf   Thumb Code     0  startup_stm32h750xx.o(.text)
    DMA2_Stream6_IRQHandler                  0x080003bf   Thumb Code     0  startup_stm32h750xx.o(.text)
    DMA2_Stream7_IRQHandler                  0x080003bf   Thumb Code     0  startup_stm32h750xx.o(.text)
    DMAMUX1_OVR_IRQHandler                   0x080003bf   Thumb Code     0  startup_stm32h750xx.o(.text)
    DMAMUX2_OVR_IRQHandler                   0x080003bf   Thumb Code     0  startup_stm32h750xx.o(.text)
    ECC_IRQHandler                           0x080003bf   Thumb Code     0  startup_stm32h750xx.o(.text)
    ETH_IRQHandler                           0x080003bf   Thumb Code     0  startup_stm32h750xx.o(.text)
    ETH_WKUP_IRQHandler                      0x080003bf   Thumb Code     0  startup_stm32h750xx.o(.text)
    EXTI0_IRQHandler                         0x080003bf   Thumb Code     0  startup_stm32h750xx.o(.text)
    EXTI15_10_IRQHandler                     0x080003bf   Thumb Code     0  startup_stm32h750xx.o(.text)
    EXTI1_IRQHandler                         0x080003bf   Thumb Code     0  startup_stm32h750xx.o(.text)
    EXTI2_IRQHandler                         0x080003bf   Thumb Code     0  startup_stm32h750xx.o(.text)
    EXTI3_IRQHandler                         0x080003bf   Thumb Code     0  startup_stm32h750xx.o(.text)
    EXTI4_IRQHandler                         0x080003bf   Thumb Code     0  startup_stm32h750xx.o(.text)
    FDCAN1_IT0_IRQHandler                    0x080003bf   Thumb Code     0  startup_stm32h750xx.o(.text)
    FDCAN1_IT1_IRQHandler                    0x080003bf   Thumb Code     0  startup_stm32h750xx.o(.text)
    FDCAN2_IT0_IRQHandler                    0x080003bf   Thumb Code     0  startup_stm32h750xx.o(.text)
    FDCAN2_IT1_IRQHandler                    0x080003bf   Thumb Code     0  startup_stm32h750xx.o(.text)
    FDCAN_CAL_IRQHandler                     0x080003bf   Thumb Code     0  startup_stm32h750xx.o(.text)
    FLASH_IRQHandler                         0x080003bf   Thumb Code     0  startup_stm32h750xx.o(.text)
    FMC_IRQHandler                           0x080003bf   Thumb Code     0  startup_stm32h750xx.o(.text)
    FPU_IRQHandler                           0x080003bf   Thumb Code     0  startup_stm32h750xx.o(.text)
    HASH_RNG_IRQHandler                      0x080003bf   Thumb Code     0  startup_stm32h750xx.o(.text)
    HRTIM1_FLT_IRQHandler                    0x080003bf   Thumb Code     0  startup_stm32h750xx.o(.text)
    HRTIM1_Master_IRQHandler                 0x080003bf   Thumb Code     0  startup_stm32h750xx.o(.text)
    HRTIM1_TIMA_IRQHandler                   0x080003bf   Thumb Code     0  startup_stm32h750xx.o(.text)
    HRTIM1_TIMB_IRQHandler                   0x080003bf   Thumb Code     0  startup_stm32h750xx.o(.text)
    HRTIM1_TIMC_IRQHandler                   0x080003bf   Thumb Code     0  startup_stm32h750xx.o(.text)
    HRTIM1_TIMD_IRQHandler                   0x080003bf   Thumb Code     0  startup_stm32h750xx.o(.text)
    HRTIM1_TIME_IRQHandler                   0x080003bf   Thumb Code     0  startup_stm32h750xx.o(.text)
    HSEM1_IRQHandler                         0x080003bf   Thumb Code     0  startup_stm32h750xx.o(.text)
    I2C1_ER_IRQHandler                       0x080003bf   Thumb Code     0  startup_stm32h750xx.o(.text)
    I2C1_EV_IRQHandler                       0x080003bf   Thumb Code     0  startup_stm32h750xx.o(.text)
    I2C2_ER_IRQHandler                       0x080003bf   Thumb Code     0  startup_stm32h750xx.o(.text)
    I2C2_EV_IRQHandler                       0x080003bf   Thumb Code     0  startup_stm32h750xx.o(.text)
    I2C3_ER_IRQHandler                       0x080003bf   Thumb Code     0  startup_stm32h750xx.o(.text)
    I2C3_EV_IRQHandler                       0x080003bf   Thumb Code     0  startup_stm32h750xx.o(.text)
    I2C4_ER_IRQHandler                       0x080003bf   Thumb Code     0  startup_stm32h750xx.o(.text)
    I2C4_EV_IRQHandler                       0x080003bf   Thumb Code     0  startup_stm32h750xx.o(.text)
    JPEG_IRQHandler                          0x080003bf   Thumb Code     0  startup_stm32h750xx.o(.text)
    LPTIM1_IRQHandler                        0x080003bf   Thumb Code     0  startup_stm32h750xx.o(.text)
    LPTIM2_IRQHandler                        0x080003bf   Thumb Code     0  startup_stm32h750xx.o(.text)
    LPTIM3_IRQHandler                        0x080003bf   Thumb Code     0  startup_stm32h750xx.o(.text)
    LPTIM4_IRQHandler                        0x080003bf   Thumb Code     0  startup_stm32h750xx.o(.text)
    LPTIM5_IRQHandler                        0x080003bf   Thumb Code     0  startup_stm32h750xx.o(.text)
    LPUART1_IRQHandler                       0x080003bf   Thumb Code     0  startup_stm32h750xx.o(.text)
    LTDC_ER_IRQHandler                       0x080003bf   Thumb Code     0  startup_stm32h750xx.o(.text)
    LTDC_IRQHandler                          0x080003bf   Thumb Code     0  startup_stm32h750xx.o(.text)
    MDIOS_IRQHandler                         0x080003bf   Thumb Code     0  startup_stm32h750xx.o(.text)
    MDIOS_WKUP_IRQHandler                    0x080003bf   Thumb Code     0  startup_stm32h750xx.o(.text)
    MDMA_IRQHandler                          0x080003bf   Thumb Code     0  startup_stm32h750xx.o(.text)
    OTG_FS_EP1_IN_IRQHandler                 0x080003bf   Thumb Code     0  startup_stm32h750xx.o(.text)
    OTG_FS_EP1_OUT_IRQHandler                0x080003bf   Thumb Code     0  startup_stm32h750xx.o(.text)
    OTG_FS_IRQHandler                        0x080003bf   Thumb Code     0  startup_stm32h750xx.o(.text)
    OTG_FS_WKUP_IRQHandler                   0x080003bf   Thumb Code     0  startup_stm32h750xx.o(.text)
    OTG_HS_EP1_IN_IRQHandler                 0x080003bf   Thumb Code     0  startup_stm32h750xx.o(.text)
    OTG_HS_EP1_OUT_IRQHandler                0x080003bf   Thumb Code     0  startup_stm32h750xx.o(.text)
    OTG_HS_IRQHandler                        0x080003bf   Thumb Code     0  startup_stm32h750xx.o(.text)
    OTG_HS_WKUP_IRQHandler                   0x080003bf   Thumb Code     0  startup_stm32h750xx.o(.text)
    PVD_AVD_IRQHandler                       0x080003bf   Thumb Code     0  startup_stm32h750xx.o(.text)
    QUADSPI_IRQHandler                       0x080003bf   Thumb Code     0  startup_stm32h750xx.o(.text)
    RCC_IRQHandler                           0x080003bf   Thumb Code     0  startup_stm32h750xx.o(.text)
    RTC_Alarm_IRQHandler                     0x080003bf   Thumb Code     0  startup_stm32h750xx.o(.text)
    RTC_WKUP_IRQHandler                      0x080003bf   Thumb Code     0  startup_stm32h750xx.o(.text)
    SAI1_IRQHandler                          0x080003bf   Thumb Code     0  startup_stm32h750xx.o(.text)
    SAI2_IRQHandler                          0x080003bf   Thumb Code     0  startup_stm32h750xx.o(.text)
    SAI3_IRQHandler                          0x080003bf   Thumb Code     0  startup_stm32h750xx.o(.text)
    SAI4_IRQHandler                          0x080003bf   Thumb Code     0  startup_stm32h750xx.o(.text)
    SDMMC1_IRQHandler                        0x080003bf   Thumb Code     0  startup_stm32h750xx.o(.text)
    SDMMC2_IRQHandler                        0x080003bf   Thumb Code     0  startup_stm32h750xx.o(.text)
    SPDIF_RX_IRQHandler                      0x080003bf   Thumb Code     0  startup_stm32h750xx.o(.text)
    SPI1_IRQHandler                          0x080003bf   Thumb Code     0  startup_stm32h750xx.o(.text)
    SPI2_IRQHandler                          0x080003bf   Thumb Code     0  startup_stm32h750xx.o(.text)
    SPI3_IRQHandler                          0x080003bf   Thumb Code     0  startup_stm32h750xx.o(.text)
    SPI4_IRQHandler                          0x080003bf   Thumb Code     0  startup_stm32h750xx.o(.text)
    SPI5_IRQHandler                          0x080003bf   Thumb Code     0  startup_stm32h750xx.o(.text)
    SPI6_IRQHandler                          0x080003bf   Thumb Code     0  startup_stm32h750xx.o(.text)
    SWPMI1_IRQHandler                        0x080003bf   Thumb Code     0  startup_stm32h750xx.o(.text)
    TAMP_STAMP_IRQHandler                    0x080003bf   Thumb Code     0  startup_stm32h750xx.o(.text)
    TIM15_IRQHandler                         0x080003bf   Thumb Code     0  startup_stm32h750xx.o(.text)
    TIM16_IRQHandler                         0x080003bf   Thumb Code     0  startup_stm32h750xx.o(.text)
    TIM17_IRQHandler                         0x080003bf   Thumb Code     0  startup_stm32h750xx.o(.text)
    TIM1_BRK_IRQHandler                      0x080003bf   Thumb Code     0  startup_stm32h750xx.o(.text)
    TIM1_CC_IRQHandler                       0x080003bf   Thumb Code     0  startup_stm32h750xx.o(.text)
    TIM1_TRG_COM_IRQHandler                  0x080003bf   Thumb Code     0  startup_stm32h750xx.o(.text)
    TIM1_UP_IRQHandler                       0x080003bf   Thumb Code     0  startup_stm32h750xx.o(.text)
    TIM2_IRQHandler                          0x080003bf   Thumb Code     0  startup_stm32h750xx.o(.text)
    TIM3_IRQHandler                          0x080003bf   Thumb Code     0  startup_stm32h750xx.o(.text)
    TIM4_IRQHandler                          0x080003bf   Thumb Code     0  startup_stm32h750xx.o(.text)
    TIM5_IRQHandler                          0x080003bf   Thumb Code     0  startup_stm32h750xx.o(.text)
    TIM7_IRQHandler                          0x080003bf   Thumb Code     0  startup_stm32h750xx.o(.text)
    TIM8_BRK_TIM12_IRQHandler                0x080003bf   Thumb Code     0  startup_stm32h750xx.o(.text)
    TIM8_CC_IRQHandler                       0x080003bf   Thumb Code     0  startup_stm32h750xx.o(.text)
    TIM8_TRG_COM_TIM14_IRQHandler            0x080003bf   Thumb Code     0  startup_stm32h750xx.o(.text)
    TIM8_UP_TIM13_IRQHandler                 0x080003bf   Thumb Code     0  startup_stm32h750xx.o(.text)
    UART4_IRQHandler                         0x080003bf   Thumb Code     0  startup_stm32h750xx.o(.text)
    UART5_IRQHandler                         0x080003bf   Thumb Code     0  startup_stm32h750xx.o(.text)
    UART7_IRQHandler                         0x080003bf   Thumb Code     0  startup_stm32h750xx.o(.text)
    UART8_IRQHandler                         0x080003bf   Thumb Code     0  startup_stm32h750xx.o(.text)
    USART3_IRQHandler                        0x080003bf   Thumb Code     0  startup_stm32h750xx.o(.text)
    USART6_IRQHandler                        0x080003bf   Thumb Code     0  startup_stm32h750xx.o(.text)
    WAKEUP_PIN_IRQHandler                    0x080003bf   Thumb Code     0  startup_stm32h750xx.o(.text)
    WWDG_IRQHandler                          0x080003bf   Thumb Code     0  startup_stm32h750xx.o(.text)
    __user_initial_stackheap                 0x080003c1   Thumb Code     0  startup_stm32h750xx.o(.text)
    __aeabi_uldivmod                         0x080003e9   Thumb Code     0  lludivv7m.o(.text)
    _ll_udiv                                 0x080003e9   Thumb Code   238  lludivv7m.o(.text)
    __2snprintf                              0x080004d9   Thumb Code    48  noretval__2snprintf.o(.text)
    _printf_pre_padding                      0x0800050d   Thumb Code    44  _printf_pad.o(.text)
    _printf_post_padding                     0x08000539   Thumb Code    34  _printf_pad.o(.text)
    _printf_str                              0x0800055b   Thumb Code    82  _printf_str.o(.text)
    _printf_int_dec                          0x080005ad   Thumb Code   104  _printf_dec.o(.text)
    __printf                                 0x08000625   Thumb Code   388  __printf_flags_ss_wp.o(.text)
    strtol                                   0x080007ad   Thumb Code   112  strtol.o(.text)
    strncmp                                  0x0800081d   Thumb Code   150  strncmp.o(.text)
    __aeabi_memcpy                           0x080008b3   Thumb Code     0  rt_memcpy_v6.o(.text)
    __rt_memcpy                              0x080008b3   Thumb Code   138  rt_memcpy_v6.o(.text)
    _memcpy_lastbytes                        0x08000919   Thumb Code     0  rt_memcpy_v6.o(.text)
    __aeabi_memcpy4                          0x0800093d   Thumb Code     0  rt_memcpy_w.o(.text)
    __aeabi_memcpy8                          0x0800093d   Thumb Code     0  rt_memcpy_w.o(.text)
    __rt_memcpy_w                            0x0800093d   Thumb Code   100  rt_memcpy_w.o(.text)
    _memcpy_lastbytes_aligned                0x08000985   Thumb Code     0  rt_memcpy_w.o(.text)
    __aeabi_memset                           0x080009a1   Thumb Code    16  aeabi_memset.o(.text)
    __aeabi_memclr4                          0x080009b1   Thumb Code     0  rt_memclr_w.o(.text)
    __aeabi_memclr8                          0x080009b1   Thumb Code     0  rt_memclr_w.o(.text)
    __rt_memclr_w                            0x080009b1   Thumb Code    78  rt_memclr_w.o(.text)
    _memset_w                                0x080009b5   Thumb Code     0  rt_memclr_w.o(.text)
    strncpy                                  0x080009ff   Thumb Code    86  strncpy.o(.text)
    __use_two_region_memory                  0x08000a55   Thumb Code     2  heapauxi.o(.text)
    __rt_heap_escrow$2region                 0x08000a57   Thumb Code     2  heapauxi.o(.text)
    __rt_heap_expand$2region                 0x08000a59   Thumb Code     2  heapauxi.o(.text)
    __rt_ctype_table                         0x08000a5d   Thumb Code    16  rt_ctype_table.o(.text)
    __aeabi_errno_addr                       0x08000a6d   Thumb Code     8  rt_errno_addr_intlibspace.o(.text)
    __errno$intlibspace                      0x08000a6d   Thumb Code     0  rt_errno_addr_intlibspace.o(.text)
    __rt_errno_addr$intlibspace              0x08000a6d   Thumb Code     0  rt_errno_addr_intlibspace.o(.text)
    _printf_int_common                       0x08000a75   Thumb Code   178  _printf_intcommon.o(.text)
    _printf_char_common                      0x08000b33   Thumb Code    32  _printf_char_common.o(.text)
    _sputc                                   0x08000b59   Thumb Code    10  _sputc.o(.text)
    _snputc                                  0x08000b63   Thumb Code    16  _snputc.o(.text)
    _printf_cs_common                        0x08000b73   Thumb Code    20  _printf_char.o(.text)
    _printf_char                             0x08000b87   Thumb Code    16  _printf_char.o(.text)
    _printf_string                           0x08000b97   Thumb Code     8  _printf_char.o(.text)
    _strtoul                                 0x08000b9f   Thumb Code   158  _strtoul.o(.text)
    __aeabi_memclr                           0x08000c3d   Thumb Code     0  rt_memclr.o(.text)
    __rt_memclr                              0x08000c3d   Thumb Code    68  rt_memclr.o(.text)
    _memset                                  0x08000c41   Thumb Code     0  rt_memclr.o(.text)
    __user_libspace                          0x08000c81   Thumb Code     8  libspace.o(.text)
    __user_perproc_libspace                  0x08000c81   Thumb Code     0  libspace.o(.text)
    __user_perthread_libspace                0x08000c81   Thumb Code     0  libspace.o(.text)
    __rt_locale                              0x08000c89   Thumb Code     8  rt_locale_intlibspace.o(.text)
    _chval                                   0x08000c91   Thumb Code    28  _chval.o(.text)
    __user_setup_stackheap                   0x08000cad   Thumb Code    74  sys_stackheap_outer.o(.text)
    exit                                     0x08000cf7   Thumb Code    18  exit.o(.text)
    strcmp                                   0x08000d09   Thumb Code   104  strcmpv7m_pel.o(.text)
    _sys_exit                                0x08000d71   Thumb Code     8  sys_exit.o(.text)
    __I$use$semihosting                      0x08000d7d   Thumb Code     0  use_no_semi.o(.text)
    __use_no_semihosting_swi                 0x08000d7d   Thumb Code     2  use_no_semi.o(.text)
    __semihosting_library_function           0x08000d7f   Thumb Code     0  indicate_semi.o(.text)
    AppK230_ErrorCallback                    0x08000d81   Thumb Code    26  app_k230.o(i.AppK230_ErrorCallback)
    AppK230_GetAgeMs                         0x08000da1   Thumb Code    14  app_k230.o(i.AppK230_GetAgeMs)
    AppK230_GetFrames                        0x08000db5   Thumb Code     6  app_k230.o(i.AppK230_GetFrames)
    AppK230_GetPosMm                         0x08000dc1   Thumb Code     8  app_k230.o(i.AppK230_GetPosMm)
    AppK230_HasFreshTarget                   0x08000dcd   Thumb Code    30  app_k230.o(i.AppK230_HasFreshTarget)
    AppK230_Init                             0x08000df1   Thumb Code    22  app_k230.o(i.AppK230_Init)
    AppK230_Invalidate                       0x08000e0d   Thumb Code     8  app_k230.o(i.AppK230_Invalidate)
    AppK230_IsTargetValid                    0x08000e19   Thumb Code     6  app_k230.o(i.AppK230_IsTargetValid)
    AppK230_ProcessLine                      0x08000f09   Thumb Code    44  app_k230.o(i.AppK230_ProcessLine)
    AppK230_RxCpltCallback                   0x08000f3d   Thumb Code    82  app_k230.o(i.AppK230_RxCpltCallback)
    AppK230_StartRx                          0x08000f99   Thumb Code    22  app_k230.o(i.AppK230_StartRx)
    BallBalance_StaticSteps                  0x080018d5   Thumb Code   100  ball_balance_profile.o(i.BallBalance_StaticSteps)
    BusFault_Handler                         0x08001ba5   Thumb Code     2  stm32h7xx_it.o(i.BusFault_Handler)
    DebugMon_Handler                         0x08001ba7   Thumb Code     2  stm32h7xx_it.o(i.DebugMon_Handler)
    EXTI9_5_IRQHandler                       0x08001ba9   Thumb Code     6  stm32h7xx_it.o(i.EXTI9_5_IRQHandler)
    Error_Handler                            0x08001baf   Thumb Code     4  main.o(i.Error_Handler)
    ExitRun0Mode                             0x08001bb5   Thumb Code    22  system_stm32h7xx.o(i.ExitRun0Mode)
    HAL_DMA_Abort                            0x08001bd1   Thumb Code   836  stm32h7xx_hal_dma.o(i.HAL_DMA_Abort)
    HAL_DMA_Abort_IT                         0x08001f31   Thumb Code   498  stm32h7xx_hal_dma.o(i.HAL_DMA_Abort_IT)
    HAL_Delay                                0x0800214d   Thumb Code    32  stm32h7xx_hal.o(i.HAL_Delay)
    HAL_GPIO_EXTI_Callback                   0x08002171   Thumb Code     4  main.o(i.HAL_GPIO_EXTI_Callback)
    HAL_GPIO_EXTI_IRQHandler                 0x08002175   Thumb Code    24  stm32h7xx_hal_gpio.o(i.HAL_GPIO_EXTI_IRQHandler)
    HAL_GPIO_Init                            0x0800218d   Thumb Code   514  stm32h7xx_hal_gpio.o(i.HAL_GPIO_Init)
    HAL_GPIO_ReadPin                         0x080023c1   Thumb Code    10  stm32h7xx_hal_gpio.o(i.HAL_GPIO_ReadPin)
    HAL_GPIO_TogglePin                       0x080023cb   Thumb Code    16  stm32h7xx_hal_gpio.o(i.HAL_GPIO_TogglePin)
    HAL_GPIO_WritePin                        0x080023db   Thumb Code    10  stm32h7xx_hal_gpio.o(i.HAL_GPIO_WritePin)
    HAL_GetREVID                             0x080023e5   Thumb Code     8  stm32h7xx_hal.o(i.HAL_GetREVID)
    HAL_GetTick                              0x080023f1   Thumb Code     6  stm32h7xx_hal.o(i.HAL_GetTick)
    HAL_I2CEx_ConfigAnalogFilter             0x080023fd   Thumb Code    88  stm32h7xx_hal_i2c_ex.o(i.HAL_I2CEx_ConfigAnalogFilter)
    HAL_I2CEx_ConfigDigitalFilter            0x08002455   Thumb Code    84  stm32h7xx_hal_i2c_ex.o(i.HAL_I2CEx_ConfigDigitalFilter)
    HAL_I2C_Init                             0x080024a9   Thumb Code   186  stm32h7xx_hal_i2c.o(i.HAL_I2C_Init)
    HAL_I2C_IsDeviceReady                    0x08002569   Thumb Code   258  stm32h7xx_hal_i2c.o(i.HAL_I2C_IsDeviceReady)
    HAL_I2C_Master_Transmit                  0x0800267d   Thumb Code   324  stm32h7xx_hal_i2c.o(i.HAL_I2C_Master_Transmit)
    HAL_I2C_MspInit                          0x080027c9   Thumb Code   212  i2c.o(i.HAL_I2C_MspInit)
    HAL_IncTick                              0x080028ad   Thumb Code    12  stm32h7xx_hal.o(i.HAL_IncTick)
    HAL_Init                                 0x080028bd   Thumb Code    74  stm32h7xx_hal.o(i.HAL_Init)
    HAL_InitTick                             0x08002919   Thumb Code    56  stm32h7xx_hal.o(i.HAL_InitTick)
    HAL_MPU_ConfigRegion                     0x08002959   Thumb Code    86  stm32h7xx_hal_cortex.o(i.HAL_MPU_ConfigRegion)
    HAL_MPU_Disable                          0x080029b5   Thumb Code    24  stm32h7xx_hal_cortex.o(i.HAL_MPU_Disable)
    HAL_MPU_Enable                           0x080029d1   Thumb Code    30  stm32h7xx_hal_cortex.o(i.HAL_MPU_Enable)
    HAL_MspInit                              0x080029f5   Thumb Code    32  stm32h7xx_hal_msp.o(i.HAL_MspInit)
    HAL_NVIC_EnableIRQ                       0x08002a19   Thumb Code    26  stm32h7xx_hal_cortex.o(i.HAL_NVIC_EnableIRQ)
    HAL_NVIC_SetPriority                     0x08002a35   Thumb Code    60  stm32h7xx_hal_cortex.o(i.HAL_NVIC_SetPriority)
    HAL_NVIC_SetPriorityGrouping             0x08002a75   Thumb Code    28  stm32h7xx_hal_cortex.o(i.HAL_NVIC_SetPriorityGrouping)
    HAL_PWREx_ConfigSupply                   0x08002a99   Thumb Code    78  stm32h7xx_hal_pwr_ex.o(i.HAL_PWREx_ConfigSupply)
    HAL_RCCEx_GetD3PCLK1Freq                 0x08002aed   Thumb Code    26  stm32h7xx_hal_rcc_ex.o(i.HAL_RCCEx_GetD3PCLK1Freq)
    HAL_RCCEx_GetPLL2ClockFreq               0x08002b11   Thumb Code   296  stm32h7xx_hal_rcc_ex.o(i.HAL_RCCEx_GetPLL2ClockFreq)
    HAL_RCCEx_GetPLL3ClockFreq               0x08002c55   Thumb Code   296  stm32h7xx_hal_rcc_ex.o(i.HAL_RCCEx_GetPLL3ClockFreq)
    HAL_RCCEx_PeriphCLKConfig                0x08002d99   Thumb Code  2472  stm32h7xx_hal_rcc_ex.o(i.HAL_RCCEx_PeriphCLKConfig)
    HAL_RCC_ClockConfig                      0x08003745   Thumb Code   580  stm32h7xx_hal_rcc.o(i.HAL_RCC_ClockConfig)
    HAL_RCC_GetHCLKFreq                      0x080039a1   Thumb Code    52  stm32h7xx_hal_rcc.o(i.HAL_RCC_GetHCLKFreq)
    HAL_RCC_GetPCLK1Freq                     0x080039e5   Thumb Code    26  stm32h7xx_hal_rcc.o(i.HAL_RCC_GetPCLK1Freq)
    HAL_RCC_GetPCLK2Freq                     0x08003a09   Thumb Code    26  stm32h7xx_hal_rcc.o(i.HAL_RCC_GetPCLK2Freq)
    HAL_RCC_GetSysClockFreq                  0x08003a2d   Thumb Code   278  stm32h7xx_hal_rcc.o(i.HAL_RCC_GetSysClockFreq)
    HAL_RCC_OscConfig                        0x08003b65   Thumb Code  1410  stm32h7xx_hal_rcc.o(i.HAL_RCC_OscConfig)
    HAL_SPI_Init                             0x080040e9   Thumb Code   366  stm32h7xx_hal_spi.o(i.HAL_SPI_Init)
    HAL_SPI_MspInit                          0x08004265   Thumb Code   120  spi.o(i.HAL_SPI_MspInit)
    HAL_SYSCFG_AnalogSwitchConfig            0x080042e9   Thumb Code    12  stm32h7xx_hal.o(i.HAL_SYSCFG_AnalogSwitchConfig)
    HAL_SYSTICK_Config                       0x080042f9   Thumb Code    38  stm32h7xx_hal_cortex.o(i.HAL_SYSTICK_Config)
    HAL_TIMEx_Break2Callback                 0x0800431f   Thumb Code     2  stm32h7xx_hal_tim_ex.o(i.HAL_TIMEx_Break2Callback)
    HAL_TIMEx_BreakCallback                  0x08004321   Thumb Code     2  stm32h7xx_hal_tim_ex.o(i.HAL_TIMEx_BreakCallback)
    HAL_TIMEx_CommutCallback                 0x08004323   Thumb Code     2  stm32h7xx_hal_tim_ex.o(i.HAL_TIMEx_CommutCallback)
    HAL_TIMEx_MasterConfigSynchronization    0x08004325   Thumb Code   134  stm32h7xx_hal_tim_ex.o(i.HAL_TIMEx_MasterConfigSynchronization)
    HAL_TIM_Base_Init                        0x080043c9   Thumb Code    98  stm32h7xx_hal_tim.o(i.HAL_TIM_Base_Init)
    HAL_TIM_Base_MspInit                     0x0800442d   Thumb Code    72  tim.o(i.HAL_TIM_Base_MspInit)
    HAL_TIM_Base_Start_IT                    0x08004481   Thumb Code   106  stm32h7xx_hal_tim.o(i.HAL_TIM_Base_Start_IT)
    HAL_TIM_ConfigClockSource                0x0800450d   Thumb Code   248  stm32h7xx_hal_tim.o(i.HAL_TIM_ConfigClockSource)
    HAL_TIM_IC_CaptureCallback               0x08004609   Thumb Code     2  stm32h7xx_hal_tim.o(i.HAL_TIM_IC_CaptureCallback)
    HAL_TIM_IRQHandler                       0x0800460b   Thumb Code   328  stm32h7xx_hal_tim.o(i.HAL_TIM_IRQHandler)
    HAL_TIM_MspPostInit                      0x08004755   Thumb Code    68  tim.o(i.HAL_TIM_MspPostInit)
    HAL_TIM_OC_DelayElapsedCallback          0x080047a5   Thumb Code     2  stm32h7xx_hal_tim.o(i.HAL_TIM_OC_DelayElapsedCallback)
    HAL_TIM_PWM_ConfigChannel                0x080047a7   Thumb Code   292  stm32h7xx_hal_tim.o(i.HAL_TIM_PWM_ConfigChannel)
    HAL_TIM_PWM_Init                         0x080048cb   Thumb Code    98  stm32h7xx_hal_tim.o(i.HAL_TIM_PWM_Init)
    HAL_TIM_PWM_MspInit                      0x0800492d   Thumb Code     2  stm32h7xx_hal_tim.o(i.HAL_TIM_PWM_MspInit)
    HAL_TIM_PWM_PulseFinishedCallback        0x0800492f   Thumb Code     2  stm32h7xx_hal_tim.o(i.HAL_TIM_PWM_PulseFinishedCallback)
    HAL_TIM_PWM_Stop                         0x08004931   Thumb Code   152  stm32h7xx_hal_tim.o(i.HAL_TIM_PWM_Stop)
    HAL_TIM_PeriodElapsedCallback            0x080049e1   Thumb Code    14  main.o(i.HAL_TIM_PeriodElapsedCallback)
    HAL_TIM_TriggerCallback                  0x080049f5   Thumb Code     2  stm32h7xx_hal_tim.o(i.HAL_TIM_TriggerCallback)
    HAL_UARTEx_DisableFifoMode               0x080049f7   Thumb Code    64  stm32h7xx_hal_uart_ex.o(i.HAL_UARTEx_DisableFifoMode)
    HAL_UARTEx_RxEventCallback               0x08004a37   Thumb Code     2  stm32h7xx_hal_uart.o(i.HAL_UARTEx_RxEventCallback)
    HAL_UARTEx_RxFifoFullCallback            0x08004a39   Thumb Code     2  stm32h7xx_hal_uart_ex.o(i.HAL_UARTEx_RxFifoFullCallback)
    HAL_UARTEx_SetRxFifoThreshold            0x08004a3b   Thumb Code    76  stm32h7xx_hal_uart_ex.o(i.HAL_UARTEx_SetRxFifoThreshold)
    HAL_UARTEx_SetTxFifoThreshold            0x08004a87   Thumb Code    76  stm32h7xx_hal_uart_ex.o(i.HAL_UARTEx_SetTxFifoThreshold)
    HAL_UARTEx_TxFifoEmptyCallback           0x08004ad3   Thumb Code     2  stm32h7xx_hal_uart_ex.o(i.HAL_UARTEx_TxFifoEmptyCallback)
    HAL_UARTEx_WakeupCallback                0x08004ad5   Thumb Code     2  stm32h7xx_hal_uart_ex.o(i.HAL_UARTEx_WakeupCallback)
    HAL_UART_ErrorCallback                   0x08004ad7   Thumb Code    18  main.o(i.HAL_UART_ErrorCallback)
    HAL_UART_IRQHandler                      0x08004ae9   Thumb Code   898  stm32h7xx_hal_uart.o(i.HAL_UART_IRQHandler)
    HAL_UART_Init                            0x08004e85   Thumb Code   106  stm32h7xx_hal_uart.o(i.HAL_UART_Init)
    HAL_UART_MspInit                         0x08004ef1   Thumb Code   340  usart.o(i.HAL_UART_MspInit)
    HAL_UART_Receive_IT                      0x08005061   Thumb Code    66  stm32h7xx_hal_uart.o(i.HAL_UART_Receive_IT)
    HAL_UART_RxCpltCallback                  0x080050a9   Thumb Code    18  main.o(i.HAL_UART_RxCpltCallback)
    HAL_UART_Transmit                        0x080050bd   Thumb Code   184  stm32h7xx_hal_uart.o(i.HAL_UART_Transmit)
    HAL_UART_TxCpltCallback                  0x08005175   Thumb Code     2  stm32h7xx_hal_uart.o(i.HAL_UART_TxCpltCallback)
    HardFault_Handler                        0x08005177   Thumb Code     2  stm32h7xx_it.o(i.HardFault_Handler)
    ICM42688_EXTI_Callback                   0x08005451   Thumb Code    20  icm42688.o(i.ICM42688_EXTI_Callback)
    IMU901_EnsureAccelRange2G                0x0800555d   Thumb Code   136  imu901.o(i.IMU901_EnsureAccelRange2G)
    IMU901_GetData                           0x080055ed   Thumb Code    14  imu901.o(i.IMU901_GetData)
    IMU901_HasFreshAccel                     0x08005601   Thumb Code    32  imu901.o(i.IMU901_HasFreshAccel)
    IMU901_HasFreshAngle                     0x08005625   Thumb Code    32  imu901.o(i.IMU901_HasFreshAngle)
    IMU901_Init                              0x08005649   Thumb Code    50  imu901.o(i.IMU901_Init)
    IMU901_Process                           0x08005725   Thumb Code    36  imu901.o(i.IMU901_Process)
    IMU901_SetAngleOutput100Hz               0x08005779   Thumb Code    50  imu901.o(i.IMU901_SetAngleOutput100Hz)
    IMU901_UART_ErrorCallback                0x080057b5   Thumb Code    32  imu901.o(i.IMU901_UART_ErrorCallback)
    IMU901_UART_RxCpltCallback               0x080057d9   Thumb Code    70  imu901.o(i.IMU901_UART_RxCpltCallback)
    MX_GPIO_Init                             0x08005c91   Thumb Code   290  gpio.o(i.MX_GPIO_Init)
    MX_I2C1_Init                             0x08005dc9   Thumb Code    76  i2c.o(i.MX_I2C1_Init)
    MX_I2C2_Init                             0x08005e21   Thumb Code    76  i2c.o(i.MX_I2C2_Init)
    MX_SPI1_Init                             0x08005e79   Thumb Code    94  spi.o(i.MX_SPI1_Init)
    MX_TIM3_Init                             0x08005ee1   Thumb Code   146  tim.o(i.MX_TIM3_Init)
    MX_TIM6_Init                             0x08005f7d   Thumb Code    62  tim.o(i.MX_TIM6_Init)
    MX_USART1_UART_Init                      0x08005fc5   Thumb Code    94  usart.o(i.MX_USART1_UART_Init)
    MX_USART2_UART_Init                      0x0800602d   Thumb Code    94  usart.o(i.MX_USART2_UART_Init)
    MX_USART3_UART_Init                      0x08006095   Thumb Code    94  usart.o(i.MX_USART3_UART_Init)
    MemManage_Handler                        0x080060fd   Thumb Code     2  stm32h7xx_it.o(i.MemManage_Handler)
    NMI_Handler                              0x08006355   Thumb Code     2  stm32h7xx_it.o(i.NMI_Handler)
    OLED_Clear                               0x08006357   Thumb Code    42  oled.o(i.OLED_Clear)
    OLED_Init                                0x08006381   Thumb Code    70  oled.o(i.OLED_Init)
    OLED_IsOk                                0x080063d5   Thumb Code     6  oled.o(i.OLED_IsOk)
    OLED_ShowChar                            0x08006405   Thumb Code   108  oled.o(i.OLED_ShowChar)
    OLED_ShowString                          0x08006475   Thumb Code    46  oled.o(i.OLED_ShowString)
    PendSV_Handler                           0x08006b97   Thumb Code     2  stm32h7xx_it.o(i.PendSV_Handler)
    SVC_Handler                              0x08006dd9   Thumb Code     2  stm32h7xx_it.o(i.SVC_Handler)
    SysTick_Handler                          0x08006f05   Thumb Code     4  stm32h7xx_it.o(i.SysTick_Handler)
    SystemClock_Config                       0x08006f09   Thumb Code   158  main.o(i.SystemClock_Config)
    SystemInit                               0x08006fb1   Thumb Code   206  system_stm32h7xx.o(i.SystemInit)
    TIM6_DAC_IRQHandler                      0x080070a9   Thumb Code     6  stm32h7xx_it.o(i.TIM6_DAC_IRQHandler)
    TIM_Base_SetConfig                       0x080070b5   Thumb Code   170  stm32h7xx_hal_tim.o(i.TIM_Base_SetConfig)
    TIM_CCxChannelCmd                        0x08007181   Thumb Code    26  stm32h7xx_hal_tim.o(i.TIM_CCxChannelCmd)
    TIM_ETR_SetConfig                        0x0800719b   Thumb Code    18  stm32h7xx_hal_tim.o(i.TIM_ETR_SetConfig)
    TIM_OC2_SetConfig                        0x0800726d   Thumb Code   130  stm32h7xx_hal_tim.o(i.TIM_OC2_SetConfig)
    UART_AdvFeatureConfig                    0x08007a59   Thumb Code   200  stm32h7xx_hal_uart.o(i.UART_AdvFeatureConfig)
    UART_CheckIdleState                      0x08007b21   Thumb Code   170  stm32h7xx_hal_uart.o(i.UART_CheckIdleState)
    UART_SetConfig                           0x080080f9   Thumb Code   876  stm32h7xx_hal_uart.o(i.UART_SetConfig)
    UART_Start_Receive_IT                    0x080084a5   Thumb Code   256  stm32h7xx_hal_uart.o(i.UART_Start_Receive_IT)
    UART_WaitOnFlagUntilTimeout              0x080085b5   Thumb Code   148  stm32h7xx_hal_uart.o(i.UART_WaitOnFlagUntilTimeout)
    USART1_IRQHandler                        0x08008649   Thumb Code     6  stm32h7xx_it.o(i.USART1_IRQHandler)
    USART2_IRQHandler                        0x08008655   Thumb Code     6  stm32h7xx_it.o(i.USART2_IRQHandler)
    UsageFault_Handler                       0x08008661   Thumb Code     2  stm32h7xx_it.o(i.UsageFault_Handler)
    _is_digit                                0x08008685   Thumb Code    14  __printf_wp.o(i._is_digit)
    main                                     0x08008695   Thumb Code   192  main.o(i.main)
    _get_lc_ctype                            0x08008765   Thumb Code    44  lc_ctype_c.o(locale$$code)
    _fp_init                                 0x08008791   Thumb Code    10  fpinit.o(x$fpl$fpinit)
    __fplib_config_fpu_vfp                   0x08008799   Thumb Code     0  fpinit.o(x$fpl$fpinit)
    __fplib_config_pureend_doubles           0x08008799   Thumb Code     0  fpinit.o(x$fpl$fpinit)
    OLED_F8x16                               0x080087b8   Data        1520  oled.o(.constdata)
    UARTPrescTable                           0x08008dc0   Data          24  stm32h7xx_hal_uart.o(.constdata)
    D1CorePrescTable                         0x08008de8   Data          16  system_stm32h7xx.o(.constdata)
    Region$$Table$$Base                      0x08008e0c   Number         0  anon$$obj.o(Region$$Table)
    Region$$Table$$Limit                     0x08008e2c   Number         0  anon$$obj.o(Region$$Table)
    __ctype                                  0x08008e39   Data           0  lc_ctype_c.o(locale$$data)
    g_debug_cursor                           0x2400002a   Data           1  main.o(.data)
    g_debug_page                             0x2400002b   Data           1  main.o(.data)
    g_pa8_ff_start_duration_ms               0x24000064   Data           2  main.o(.data)
    g_pa8_ff_stop_duration_ms                0x24000066   Data           2  main.o(.data)
    g_pa11_ff_start_duration_ms              0x24000068   Data           2  main.o(.data)
    g_pa11_ff_stop_duration_ms               0x2400006a   Data           2  main.o(.data)
    g_pa8_ff_start_steps                     0x240000a8   Data           4  main.o(.data)
    g_pa8_ff_stop_steps                      0x240000ac   Data           4  main.o(.data)
    g_pa11_ff_start_steps                    0x240000b0   Data           4  main.o(.data)
    g_pa11_ff_stop_steps                     0x240000b4   Data           4  main.o(.data)
    g_k2_offset_go_pos                       0x240000d0   Data           4  main.o(.data)
    g_k2_offset_go_neg                       0x240000d4   Data           4  main.o(.data)
    g_k3_offset_10cm                         0x240000d8   Data           4  main.o(.data)
    uwTickFreq                               0x2400015c   Data           1  stm32h7xx_hal.o(.data)
    uwTickPrio                               0x24000160   Data           4  stm32h7xx_hal.o(.data)
    uwTick                                   0x24000164   Data           4  stm32h7xx_hal.o(.data)
    SystemCoreClock                          0x24000168   Data           4  system_stm32h7xx.o(.data)
    SystemD2Clock                            0x2400016c   Data           4  system_stm32h7xx.o(.data)
    hi2c1                                    0x24000348   Data          84  i2c.o(.bss)
    hi2c2                                    0x2400039c   Data          84  i2c.o(.bss)
    hspi1                                    0x240003f0   Data         136  spi.o(.bss)
    htim3                                    0x24000478   Data          76  tim.o(.bss)
    htim6                                    0x240004c4   Data          76  tim.o(.bss)
    huart1                                   0x24000510   Data         148  usart.o(.bss)
    huart2                                   0x240005a4   Data         148  usart.o(.bss)
    huart3                                   0x24000638   Data         148  usart.o(.bss)
    __libspace_start                         0x240006cc   Data          96  libspace.o(.bss)
    __temporary_stack_top$libspace           0x2400072c   Data           0  libspace.o(.bss)



==============================================================================

Memory Map of the image

  Image Entry point : 0x08000299

  Load Region LR_IROM1 (Base: 0x08000000, Size: 0x000090ac, Max: 0x00020000, ABSOLUTE, COMPRESSED[0x00008f6c])

    Execution Region ER_IROM1 (Exec base: 0x08000000, Load base: 0x08000000, Size: 0x00008f3c, Max: 0x00020000, ABSOLUTE)

    Exec Addr    Load Addr    Size         Type   Attr      Idx    E Section Name        Object

    0x08000000   0x08000000   0x00000298   Data   RO            3    RESET               startup_stm32h750xx.o
    0x08000298   0x08000298   0x00000008   Code   RO         5570  * !!!main             c_w.l(__main.o)
    0x080002a0   0x080002a0   0x00000034   Code   RO         5775    !!!scatter          c_w.l(__scatter.o)
    0x080002d4   0x080002d4   0x0000005a   Code   RO         5773    !!dczerorl2         c_w.l(__dczerorl2.o)
    0x0800032e   0x0800032e   0x00000002   PAD
    0x08000330   0x08000330   0x0000001c   Code   RO         5777    !!handler_zi        c_w.l(__scatter_zi.o)
    0x0800034c   0x0800034c   0x00000000   Code   RO         5553    .ARM.Collect$$_printf_percent$$00000000  c_w.l(_printf_percent.o)
    0x0800034c   0x0800034c   0x00000006   Code   RO         5551    .ARM.Collect$$_printf_percent$$00000009  c_w.l(_printf_d.o)
    0x08000352   0x08000352   0x00000006   Code   RO         5552    .ARM.Collect$$_printf_percent$$0000000A  c_w.l(_printf_u.o)
    0x08000358   0x08000358   0x00000006   Code   RO         5550    .ARM.Collect$$_printf_percent$$00000013  c_w.l(_printf_c.o)
    0x0800035e   0x0800035e   0x00000004   Code   RO         5594    .ARM.Collect$$_printf_percent$$00000017  c_w.l(_printf_percent_end.o)
    0x08000362   0x08000362   0x00000002   Code   RO         5646    .ARM.Collect$$libinit$$00000000  c_w.l(libinit.o)
    0x08000364   0x08000364   0x00000004   Code   RO         5647    .ARM.Collect$$libinit$$00000001  c_w.l(libinit2.o)
    0x08000368   0x08000368   0x00000000   Code   RO         5650    .ARM.Collect$$libinit$$00000004  c_w.l(libinit2.o)
    0x08000368   0x08000368   0x00000000   Code   RO         5653    .ARM.Collect$$libinit$$0000000A  c_w.l(libinit2.o)
    0x08000368   0x08000368   0x00000000   Code   RO         5655    .ARM.Collect$$libinit$$0000000C  c_w.l(libinit2.o)
    0x08000368   0x08000368   0x00000000   Code   RO         5657    .ARM.Collect$$libinit$$0000000E  c_w.l(libinit2.o)
    0x08000368   0x08000368   0x00000006   Code   RO         5658    .ARM.Collect$$libinit$$0000000F  c_w.l(libinit2.o)
    0x0800036e   0x0800036e   0x00000000   Code   RO         5660    .ARM.Collect$$libinit$$00000011  c_w.l(libinit2.o)
    0x0800036e   0x0800036e   0x0000000c   Code   RO         5661    .ARM.Collect$$libinit$$00000012  c_w.l(libinit2.o)
    0x0800037a   0x0800037a   0x00000000   Code   RO         5662    .ARM.Collect$$libinit$$00000013  c_w.l(libinit2.o)
    0x0800037a   0x0800037a   0x00000000   Code   RO         5664    .ARM.Collect$$libinit$$00000015  c_w.l(libinit2.o)
    0x0800037a   0x0800037a   0x00000000   Code   RO         5666    .ARM.Collect$$libinit$$00000017  c_w.l(libinit2.o)
    0x0800037a   0x0800037a   0x00000000   Code   RO         5668    .ARM.Collect$$libinit$$00000019  c_w.l(libinit2.o)
    0x0800037a   0x0800037a   0x00000000   Code   RO         5670    .ARM.Collect$$libinit$$0000001B  c_w.l(libinit2.o)
    0x0800037a   0x0800037a   0x00000000   Code   RO         5672    .ARM.Collect$$libinit$$0000001D  c_w.l(libinit2.o)
    0x0800037a   0x0800037a   0x00000000   Code   RO         5674    .ARM.Collect$$libinit$$0000001F  c_w.l(libinit2.o)
    0x0800037a   0x0800037a   0x00000000   Code   RO         5676    .ARM.Collect$$libinit$$00000021  c_w.l(libinit2.o)
    0x0800037a   0x0800037a   0x00000000   Code   RO         5678    .ARM.Collect$$libinit$$00000023  c_w.l(libinit2.o)
    0x0800037a   0x0800037a   0x00000000   Code   RO         5680    .ARM.Collect$$libinit$$00000025  c_w.l(libinit2.o)
    0x0800037a   0x0800037a   0x00000000   Code   RO         5684    .ARM.Collect$$libinit$$0000002C  c_w.l(libinit2.o)
    0x0800037a   0x0800037a   0x00000000   Code   RO         5686    .ARM.Collect$$libinit$$0000002E  c_w.l(libinit2.o)
    0x0800037a   0x0800037a   0x00000000   Code   RO         5688    .ARM.Collect$$libinit$$00000030  c_w.l(libinit2.o)
    0x0800037a   0x0800037a   0x00000000   Code   RO         5690    .ARM.Collect$$libinit$$00000032  c_w.l(libinit2.o)
    0x0800037a   0x0800037a   0x00000002   Code   RO         5691    .ARM.Collect$$libinit$$00000033  c_w.l(libinit2.o)
    0x0800037c   0x0800037c   0x00000002   Code   RO         5738    .ARM.Collect$$libshutdown$$00000000  c_w.l(libshutdown.o)
    0x0800037e   0x0800037e   0x00000000   Code   RO         5756    .ARM.Collect$$libshutdown$$00000002  c_w.l(libshutdown2.o)
    0x0800037e   0x0800037e   0x00000000   Code   RO         5758    .ARM.Collect$$libshutdown$$00000004  c_w.l(libshutdown2.o)
    0x0800037e   0x0800037e   0x00000000   Code   RO         5761    .ARM.Collect$$libshutdown$$00000007  c_w.l(libshutdown2.o)
    0x0800037e   0x0800037e   0x00000000   Code   RO         5764    .ARM.Collect$$libshutdown$$0000000A  c_w.l(libshutdown2.o)
    0x0800037e   0x0800037e   0x00000000   Code   RO         5766    .ARM.Collect$$libshutdown$$0000000C  c_w.l(libshutdown2.o)
    0x0800037e   0x0800037e   0x00000000   Code   RO         5769    .ARM.Collect$$libshutdown$$0000000F  c_w.l(libshutdown2.o)
    0x0800037e   0x0800037e   0x00000002   Code   RO         5770    .ARM.Collect$$libshutdown$$00000010  c_w.l(libshutdown2.o)
    0x08000380   0x08000380   0x00000000   Code   RO         5572    .ARM.Collect$$rtentry$$00000000  c_w.l(__rtentry.o)
    0x08000380   0x08000380   0x00000000   Code   RO         5603    .ARM.Collect$$rtentry$$00000002  c_w.l(__rtentry2.o)
    0x08000380   0x08000380   0x00000006   Code   RO         5615    .ARM.Collect$$rtentry$$00000004  c_w.l(__rtentry4.o)
    0x08000386   0x08000386   0x00000000   Code   RO         5605    .ARM.Collect$$rtentry$$00000009  c_w.l(__rtentry2.o)
    0x08000386   0x08000386   0x00000004   Code   RO         5606    .ARM.Collect$$rtentry$$0000000A  c_w.l(__rtentry2.o)
    0x0800038a   0x0800038a   0x00000000   Code   RO         5608    .ARM.Collect$$rtentry$$0000000C  c_w.l(__rtentry2.o)
    0x0800038a   0x0800038a   0x00000008   Code   RO         5609    .ARM.Collect$$rtentry$$0000000D  c_w.l(__rtentry2.o)
    0x08000392   0x08000392   0x00000002   Code   RO         5692    .ARM.Collect$$rtexit$$00000000  c_w.l(rtexit.o)
    0x08000394   0x08000394   0x00000000   Code   RO         5707    .ARM.Collect$$rtexit$$00000002  c_w.l(rtexit2.o)
    0x08000394   0x08000394   0x00000004   Code   RO         5708    .ARM.Collect$$rtexit$$00000003  c_w.l(rtexit2.o)
    0x08000398   0x08000398   0x00000006   Code   RO         5709    .ARM.Collect$$rtexit$$00000004  c_w.l(rtexit2.o)
    0x0800039e   0x0800039e   0x00000002   PAD
    0x080003a0   0x080003a0   0x00000048   Code   RO            4    .text               startup_stm32h750xx.o
    0x080003e8   0x080003e8   0x000000ee   Code   RO         5516    .text               c_w.l(lludivv7m.o)
    0x080004d6   0x080004d6   0x00000002   PAD
    0x080004d8   0x080004d8   0x00000034   Code   RO         5520    .text               c_w.l(noretval__2snprintf.o)
    0x0800050c   0x0800050c   0x0000004e   Code   RO         5524    .text               c_w.l(_printf_pad.o)
    0x0800055a   0x0800055a   0x00000052   Code   RO         5526    .text               c_w.l(_printf_str.o)
    0x080005ac   0x080005ac   0x00000078   Code   RO         5528    .text               c_w.l(_printf_dec.o)
    0x08000624   0x08000624   0x00000188   Code   RO         5547    .text               c_w.l(__printf_flags_ss_wp.o)
    0x080007ac   0x080007ac   0x00000070   Code   RO         5554    .text               c_w.l(strtol.o)
    0x0800081c   0x0800081c   0x00000096   Code   RO         5556    .text               c_w.l(strncmp.o)
    0x080008b2   0x080008b2   0x0000008a   Code   RO         5558    .text               c_w.l(rt_memcpy_v6.o)
    0x0800093c   0x0800093c   0x00000064   Code   RO         5560    .text               c_w.l(rt_memcpy_w.o)
    0x080009a0   0x080009a0   0x00000010   Code   RO         5562    .text               c_w.l(aeabi_memset.o)
    0x080009b0   0x080009b0   0x0000004e   Code   RO         5564    .text               c_w.l(rt_memclr_w.o)
    0x080009fe   0x080009fe   0x00000056   Code   RO         5566    .text               c_w.l(strncpy.o)
    0x08000a54   0x08000a54   0x00000006   Code   RO         5568    .text               c_w.l(heapauxi.o)
    0x08000a5a   0x08000a5a   0x00000002   PAD
    0x08000a5c   0x08000a5c   0x00000010   Code   RO         5573    .text               c_w.l(rt_ctype_table.o)
    0x08000a6c   0x08000a6c   0x00000008   Code   RO         5582    .text               c_w.l(rt_errno_addr_intlibspace.o)
    0x08000a74   0x08000a74   0x000000b2   Code   RO         5584    .text               c_w.l(_printf_intcommon.o)
    0x08000b26   0x08000b26   0x00000002   PAD
    0x08000b28   0x08000b28   0x00000030   Code   RO         5586    .text               c_w.l(_printf_char_common.o)
    0x08000b58   0x08000b58   0x0000000a   Code   RO         5588    .text               c_w.l(_sputc.o)
    0x08000b62   0x08000b62   0x00000010   Code   RO         5590    .text               c_w.l(_snputc.o)
    0x08000b72   0x08000b72   0x0000002c   Code   RO         5592    .text               c_w.l(_printf_char.o)
    0x08000b9e   0x08000b9e   0x0000009e   Code   RO         5595    .text               c_w.l(_strtoul.o)
    0x08000c3c   0x08000c3c   0x00000044   Code   RO         5597    .text               c_w.l(rt_memclr.o)
    0x08000c80   0x08000c80   0x00000008   Code   RO         5599    .text               c_w.l(libspace.o)
    0x08000c88   0x08000c88   0x00000008   Code   RO         5622    .text               c_w.l(rt_locale_intlibspace.o)
    0x08000c90   0x08000c90   0x0000001c   Code   RO         5626    .text               c_w.l(_chval.o)
    0x08000cac   0x08000cac   0x0000004a   Code   RO         5631    .text               c_w.l(sys_stackheap_outer.o)
    0x08000cf6   0x08000cf6   0x00000012   Code   RO         5633    .text               c_w.l(exit.o)
    0x08000d08   0x08000d08   0x00000068   Code   RO         5639    .text               c_w.l(strcmpv7m_pel.o)
    0x08000d70   0x08000d70   0x0000000c   Code   RO         5704    .text               c_w.l(sys_exit.o)
    0x08000d7c   0x08000d7c   0x00000002   Code   RO         5725    .text               c_w.l(use_no_semi.o)
    0x08000d7e   0x08000d7e   0x00000000   Code   RO         5727    .text               c_w.l(indicate_semi.o)
    0x08000d7e   0x08000d7e   0x00000002   PAD
    0x08000d80   0x08000d80   0x00000020   Code   RO          449    i.AppK230_ErrorCallback  app_k230.o
    0x08000da0   0x08000da0   0x00000014   Code   RO          450    i.AppK230_GetAgeMs  app_k230.o
    0x08000db4   0x08000db4   0x0000000c   Code   RO          451    i.AppK230_GetFrames  app_k230.o
    0x08000dc0   0x08000dc0   0x0000000c   Code   RO          453    i.AppK230_GetPosMm  app_k230.o
    0x08000dcc   0x08000dcc   0x00000024   Code   RO          455    i.AppK230_HasFreshTarget  app_k230.o
    0x08000df0   0x08000df0   0x0000001c   Code   RO          456    i.AppK230_Init      app_k230.o
    0x08000e0c   0x08000e0c   0x0000000c   Code   RO          457    i.AppK230_Invalidate  app_k230.o
    0x08000e18   0x08000e18   0x0000000c   Code   RO          458    i.AppK230_IsTargetValid  app_k230.o
    0x08000e24   0x08000e24   0x00000038   Code   RO          459    i.AppK230_ParseInt  app_k230.o
    0x08000e5c   0x08000e5c   0x000000ac   Code   RO          460    i.AppK230_ParseLine  app_k230.o
    0x08000f08   0x08000f08   0x00000034   Code   RO          461    i.AppK230_ProcessLine  app_k230.o
    0x08000f3c   0x08000f3c   0x0000005c   Code   RO          462    i.AppK230_RxCpltCallback  app_k230.o
    0x08000f98   0x08000f98   0x0000001c   Code   RO          463    i.AppK230_StartRx   app_k230.o
    0x08000fb4   0x08000fb4   0x00000090   Code   RO          584    i.App_AddAccelFeedforward  main.o
    0x08001044   0x08001044   0x00000110   Code   RO          585    i.App_Background    main.o
    0x08001154   0x08001154   0x0000003c   Code   RO          586    i.App_GetMs901mLevelAxisCd  main.o
    0x08001190   0x08001190   0x0000005c   Code   RO          587    i.App_InitRuntimeKeys  main.o
    0x080011ec   0x080011ec   0x0000001e   Code   RO          588    i.App_Ms901mAngleDiffCd  main.o
    0x0800120a   0x0800120a   0x00000002   PAD
    0x0800120c   0x0800120c   0x00000498   Code   RO          589    i.App_Process1ms    main.o
    0x080016a4   0x080016a4   0x00000036   Code   RO          590    i.App_ReadKeyPress  main.o
    0x080016da   0x080016da   0x00000002   PAD
    0x080016dc   0x080016dc   0x000000c8   Code   RO          591    i.App_UpdateMs901mAccelSnapshot  main.o
    0x080017a4   0x080017a4   0x00000104   Code   RO          592    i.BalanceMotor_Process1ms  main.o
    0x080018a8   0x080018a8   0x0000002c   Code   RO          561    i.BallBalance_InterpolateAngleD10  ball_balance_profile.o
    0x080018d4   0x080018d4   0x00000064   Code   RO          562    i.BallBalance_StaticSteps  ball_balance_profile.o
    0x08001938   0x08001938   0x00000018   Code   RO          593    i.BallLevel_Reset   main.o
    0x08001950   0x08001950   0x00000034   Code   RO          594    i.BallTarget_AdjustByMm  main.o
    0x08001984   0x08001984   0x00000070   Code   RO          595    i.BallTask_CascadeControl20ms  main.o
    0x080019f4   0x080019f4   0x0000001c   Code   RO          596    i.BallTask_IsSequenceState  main.o
    0x08001a10   0x08001a10   0x00000044   Code   RO          597    i.BallTask_RequestCenterHome  main.o
    0x08001a54   0x08001a54   0x00000050   Code   RO          598    i.BallTask_StartSequence  main.o
    0x08001aa4   0x08001aa4   0x00000060   Code   RO          599    i.BallTask_Update20ms  main.o
    0x08001b04   0x08001b04   0x00000044   Code   RO          600    i.Ball_ResetPidOnly  main.o
    0x08001b48   0x08001b48   0x0000003c   Code   RO          601    i.Ball_ResetPulseControl  main.o
    0x08001b84   0x08001b84   0x00000020   Code   RO          602    i.Ball_SetTarget    main.o
    0x08001ba4   0x08001ba4   0x00000002   Code   RO         1086    i.BusFault_Handler  stm32h7xx_it.o
    0x08001ba6   0x08001ba6   0x00000002   Code   RO         1087    i.DebugMon_Handler  stm32h7xx_it.o
    0x08001ba8   0x08001ba8   0x00000006   Code   RO         1088    i.EXTI9_5_IRQHandler  stm32h7xx_it.o
    0x08001bae   0x08001bae   0x00000004   Code   RO          603    i.Error_Handler     main.o
    0x08001bb2   0x08001bb2   0x00000002   PAD
    0x08001bb4   0x08001bb4   0x0000001c   Code   RO         5474    i.ExitRun0Mode      system_stm32h7xx.o
    0x08001bd0   0x08001bd0   0x00000360   Code   RO         1988    i.HAL_DMA_Abort     stm32h7xx_hal_dma.o
    0x08001f30   0x08001f30   0x0000021c   Code   RO         1989    i.HAL_DMA_Abort_IT  stm32h7xx_hal_dma.o
    0x0800214c   0x0800214c   0x00000024   Code   RO         2697    i.HAL_Delay         stm32h7xx_hal.o
    0x08002170   0x08002170   0x00000004   Code   RO          604    i.HAL_GPIO_EXTI_Callback  main.o
    0x08002174   0x08002174   0x00000018   Code   RO         1835    i.HAL_GPIO_EXTI_IRQHandler  stm32h7xx_hal_gpio.o
    0x0800218c   0x0800218c   0x00000234   Code   RO         1836    i.HAL_GPIO_Init     stm32h7xx_hal_gpio.o
    0x080023c0   0x080023c0   0x0000000a   Code   RO         1838    i.HAL_GPIO_ReadPin  stm32h7xx_hal_gpio.o
    0x080023ca   0x080023ca   0x00000010   Code   RO         1839    i.HAL_GPIO_TogglePin  stm32h7xx_hal_gpio.o
    0x080023da   0x080023da   0x0000000a   Code   RO         1840    i.HAL_GPIO_WritePin  stm32h7xx_hal_gpio.o
    0x080023e4   0x080023e4   0x0000000c   Code   RO         2708    i.HAL_GetREVID      stm32h7xx_hal.o
    0x080023f0   0x080023f0   0x0000000c   Code   RO         2709    i.HAL_GetTick       stm32h7xx_hal.o
    0x080023fc   0x080023fc   0x00000058   Code   RO         3474    i.HAL_I2CEx_ConfigAnalogFilter  stm32h7xx_hal_i2c_ex.o
    0x08002454   0x08002454   0x00000054   Code   RO         3475    i.HAL_I2CEx_ConfigDigitalFilter  stm32h7xx_hal_i2c_ex.o
    0x080024a8   0x080024a8   0x000000c0   Code   RO         3013    i.HAL_I2C_Init      stm32h7xx_hal_i2c.o
    0x08002568   0x08002568   0x00000114   Code   RO         3014    i.HAL_I2C_IsDeviceReady  stm32h7xx_hal_i2c.o
    0x0800267c   0x0800267c   0x0000014c   Code   RO         3026    i.HAL_I2C_Master_Transmit  stm32h7xx_hal_i2c.o
    0x080027c8   0x080027c8   0x000000e4   Code   RO          889    i.HAL_I2C_MspInit   i2c.o
    0x080028ac   0x080028ac   0x00000010   Code   RO         2715    i.HAL_IncTick       stm32h7xx_hal.o
    0x080028bc   0x080028bc   0x0000005c   Code   RO         2716    i.HAL_Init          stm32h7xx_hal.o
    0x08002918   0x08002918   0x00000040   Code   RO         2717    i.HAL_InitTick      stm32h7xx_hal.o
    0x08002958   0x08002958   0x0000005c   Code   RO         1211    i.HAL_MPU_ConfigRegion  stm32h7xx_hal_cortex.o
    0x080029b4   0x080029b4   0x0000001c   Code   RO         1212    i.HAL_MPU_Disable   stm32h7xx_hal_cortex.o
    0x080029d0   0x080029d0   0x00000024   Code   RO         1214    i.HAL_MPU_Enable    stm32h7xx_hal_cortex.o
    0x080029f4   0x080029f4   0x00000024   Code   RO         1186    i.HAL_MspInit       stm32h7xx_hal_msp.o
    0x08002a18   0x08002a18   0x0000001a   Code   RO         1218    i.HAL_NVIC_EnableIRQ  stm32h7xx_hal_cortex.o
    0x08002a32   0x08002a32   0x00000002   PAD
    0x08002a34   0x08002a34   0x00000040   Code   RO         1224    i.HAL_NVIC_SetPriority  stm32h7xx_hal_cortex.o
    0x08002a74   0x08002a74   0x00000024   Code   RO         1225    i.HAL_NVIC_SetPriorityGrouping  stm32h7xx_hal_cortex.o
    0x08002a98   0x08002a98   0x00000054   Code   RO         2437    i.HAL_PWREx_ConfigSupply  stm32h7xx_hal_pwr_ex.o
    0x08002aec   0x08002aec   0x00000024   Code   RO         1479    i.HAL_RCCEx_GetD3PCLK1Freq  stm32h7xx_hal_rcc_ex.o
    0x08002b10   0x08002b10   0x00000144   Code   RO         1481    i.HAL_RCCEx_GetPLL2ClockFreq  stm32h7xx_hal_rcc_ex.o
    0x08002c54   0x08002c54   0x00000144   Code   RO         1482    i.HAL_RCCEx_GetPLL3ClockFreq  stm32h7xx_hal_rcc_ex.o
    0x08002d98   0x08002d98   0x000009ac   Code   RO         1488    i.HAL_RCCEx_PeriphCLKConfig  stm32h7xx_hal_rcc_ex.o
    0x08003744   0x08003744   0x0000025c   Code   RO         1364    i.HAL_RCC_ClockConfig  stm32h7xx_hal_rcc.o
    0x080039a0   0x080039a0   0x00000044   Code   RO         1369    i.HAL_RCC_GetHCLKFreq  stm32h7xx_hal_rcc.o
    0x080039e4   0x080039e4   0x00000024   Code   RO         1371    i.HAL_RCC_GetPCLK1Freq  stm32h7xx_hal_rcc.o
    0x08003a08   0x08003a08   0x00000024   Code   RO         1372    i.HAL_RCC_GetPCLK2Freq  stm32h7xx_hal_rcc.o
    0x08003a2c   0x08003a2c   0x00000138   Code   RO         1373    i.HAL_RCC_GetSysClockFreq  stm32h7xx_hal_rcc.o
    0x08003b64   0x08003b64   0x00000582   Code   RO         1376    i.HAL_RCC_OscConfig  stm32h7xx_hal_rcc.o
    0x080040e6   0x080040e6   0x00000002   PAD
    0x080040e8   0x080040e8   0x0000017c   Code   RO         3611    i.HAL_SPI_Init      stm32h7xx_hal_spi.o
    0x08004264   0x08004264   0x00000084   Code   RO          937    i.HAL_SPI_MspInit   spi.o
    0x080042e8   0x080042e8   0x00000010   Code   RO         2721    i.HAL_SYSCFG_AnalogSwitchConfig  stm32h7xx_hal.o
    0x080042f8   0x080042f8   0x00000026   Code   RO         1229    i.HAL_SYSTICK_Config  stm32h7xx_hal_cortex.o
    0x0800431e   0x0800431e   0x00000002   Code   RO         4645    i.HAL_TIMEx_Break2Callback  stm32h7xx_hal_tim_ex.o
    0x08004320   0x08004320   0x00000002   Code   RO         4646    i.HAL_TIMEx_BreakCallback  stm32h7xx_hal_tim_ex.o
    0x08004322   0x08004322   0x00000002   Code   RO         4647    i.HAL_TIMEx_CommutCallback  stm32h7xx_hal_tim_ex.o
    0x08004324   0x08004324   0x000000a4   Code   RO         4667    i.HAL_TIMEx_MasterConfigSynchronization  stm32h7xx_hal_tim_ex.o
    0x080043c8   0x080043c8   0x00000062   Code   RO         3931    i.HAL_TIM_Base_Init  stm32h7xx_hal_tim.o
    0x0800442a   0x0800442a   0x00000002   PAD
    0x0800442c   0x0800442c   0x00000054   Code   RO          979    i.HAL_TIM_Base_MspInit  tim.o
    0x08004480   0x08004480   0x0000008c   Code   RO         3936    i.HAL_TIM_Base_Start_IT  stm32h7xx_hal_tim.o
    0x0800450c   0x0800450c   0x000000fc   Code   RO         3940    i.HAL_TIM_ConfigClockSource  stm32h7xx_hal_tim.o
    0x08004608   0x08004608   0x00000002   Code   RO         3965    i.HAL_TIM_IC_CaptureCallback  stm32h7xx_hal_tim.o
    0x0800460a   0x0800460a   0x00000148   Code   RO         3979    i.HAL_TIM_IRQHandler  stm32h7xx_hal_tim.o
    0x08004752   0x08004752   0x00000002   PAD
    0x08004754   0x08004754   0x00000050   Code   RO          980    i.HAL_TIM_MspPostInit  tim.o
    0x080047a4   0x080047a4   0x00000002   Code   RO         3982    i.HAL_TIM_OC_DelayElapsedCallback  stm32h7xx_hal_tim.o
    0x080047a6   0x080047a6   0x00000124   Code   RO         4003    i.HAL_TIM_PWM_ConfigChannel  stm32h7xx_hal_tim.o
    0x080048ca   0x080048ca   0x00000062   Code   RO         4006    i.HAL_TIM_PWM_Init  stm32h7xx_hal_tim.o
    0x0800492c   0x0800492c   0x00000002   Code   RO         4008    i.HAL_TIM_PWM_MspInit  stm32h7xx_hal_tim.o
    0x0800492e   0x0800492e   0x00000002   Code   RO         4009    i.HAL_TIM_PWM_PulseFinishedCallback  stm32h7xx_hal_tim.o
    0x08004930   0x08004930   0x000000b0   Code   RO         4014    i.HAL_TIM_PWM_Stop  stm32h7xx_hal_tim.o
    0x080049e0   0x080049e0   0x00000014   Code   RO          605    i.HAL_TIM_PeriodElapsedCallback  main.o
    0x080049f4   0x080049f4   0x00000002   Code   RO         4022    i.HAL_TIM_TriggerCallback  stm32h7xx_hal_tim.o
    0x080049f6   0x080049f6   0x00000040   Code   RO         5356    i.HAL_UARTEx_DisableFifoMode  stm32h7xx_hal_uart_ex.o
    0x08004a36   0x08004a36   0x00000002   Code   RO         4945    i.HAL_UARTEx_RxEventCallback  stm32h7xx_hal_uart.o
    0x08004a38   0x08004a38   0x00000002   Code   RO         5364    i.HAL_UARTEx_RxFifoFullCallback  stm32h7xx_hal_uart_ex.o
    0x08004a3a   0x08004a3a   0x0000004c   Code   RO         5365    i.HAL_UARTEx_SetRxFifoThreshold  stm32h7xx_hal_uart_ex.o
    0x08004a86   0x08004a86   0x0000004c   Code   RO         5366    i.HAL_UARTEx_SetTxFifoThreshold  stm32h7xx_hal_uart_ex.o
    0x08004ad2   0x08004ad2   0x00000002   Code   RO         5368    i.HAL_UARTEx_TxFifoEmptyCallback  stm32h7xx_hal_uart_ex.o
    0x08004ad4   0x08004ad4   0x00000002   Code   RO         5369    i.HAL_UARTEx_WakeupCallback  stm32h7xx_hal_uart_ex.o
    0x08004ad6   0x08004ad6   0x00000012   Code   RO          606    i.HAL_UART_ErrorCallback  main.o
    0x08004ae8   0x08004ae8   0x0000039c   Code   RO         4964    i.HAL_UART_IRQHandler  stm32h7xx_hal_uart.o
    0x08004e84   0x08004e84   0x0000006a   Code   RO         4965    i.HAL_UART_Init     stm32h7xx_hal_uart.o
    0x08004eee   0x08004eee   0x00000002   PAD
    0x08004ef0   0x08004ef0   0x00000170   Code   RO         1033    i.HAL_UART_MspInit  usart.o
    0x08005060   0x08005060   0x00000048   Code   RO         4970    i.HAL_UART_Receive_IT  stm32h7xx_hal_uart.o
    0x080050a8   0x080050a8   0x00000012   Code   RO          607    i.HAL_UART_RxCpltCallback  main.o
    0x080050ba   0x080050ba   0x00000002   PAD
    0x080050bc   0x080050bc   0x000000b8   Code   RO         4974    i.HAL_UART_Transmit  stm32h7xx_hal_uart.o
    0x08005174   0x08005174   0x00000002   Code   RO         4977    i.HAL_UART_TxCpltCallback  stm32h7xx_hal_uart.o
    0x08005176   0x08005176   0x00000002   Code   RO         1089    i.HardFault_Handler  stm32h7xx_it.o
    0x08005178   0x08005178   0x00000044   Code   RO          608    i.HomeOnly_Request  main.o
    0x080051bc   0x080051bc   0x00000022   Code   RO         3060    i.I2C_Flush_TXDR    stm32h7xx_hal_i2c.o
    0x080051de   0x080051de   0x00000002   PAD
    0x080051e0   0x080051e0   0x00000110   Code   RO         3068    i.I2C_IsErrorOccurred  stm32h7xx_hal_i2c.o
    0x080052f0   0x080052f0   0x00000030   Code   RO         3077    i.I2C_TransferConfig  stm32h7xx_hal_i2c.o
    0x08005320   0x08005320   0x0000007c   Code   RO         3079    i.I2C_WaitOnFlagUntilTimeout  stm32h7xx_hal_i2c.o
    0x0800539c   0x0800539c   0x00000058   Code   RO         3081    i.I2C_WaitOnSTOPFlagUntilTimeout  stm32h7xx_hal_i2c.o
    0x080053f4   0x080053f4   0x0000005c   Code   RO         3082    i.I2C_WaitOnTXISFlagUntilTimeout  stm32h7xx_hal_i2c.o
    0x08005450   0x08005450   0x0000001c   Code   RO          235    i.ICM42688_EXTI_Callback  icm42688.o
    0x0800546c   0x0800546c   0x000000f0   Code   RO           13    i.IMU901_DecodeFrame  imu901.o
    0x0800555c   0x0800555c   0x00000090   Code   RO           14    i.IMU901_EnsureAccelRange2G  imu901.o
    0x080055ec   0x080055ec   0x00000014   Code   RO           15    i.IMU901_GetData    imu901.o
    0x08005600   0x08005600   0x00000024   Code   RO           16    i.IMU901_HasFreshAccel  imu901.o
    0x08005624   0x08005624   0x00000024   Code   RO           17    i.IMU901_HasFreshAngle  imu901.o
    0x08005648   0x08005648   0x0000003c   Code   RO           18    i.IMU901_Init       imu901.o
    0x08005684   0x08005684   0x000000a0   Code   RO           19    i.IMU901_ParseByte  imu901.o
    0x08005724   0x08005724   0x0000002c   Code   RO           20    i.IMU901_Process    imu901.o
    0x08005750   0x08005750   0x00000028   Code   RO           21    i.IMU901_ResetParser  imu901.o
    0x08005778   0x08005778   0x0000003c   Code   RO           22    i.IMU901_SetAngleOutput100Hz  imu901.o
    0x080057b4   0x080057b4   0x00000024   Code   RO           23    i.IMU901_UART_ErrorCallback  imu901.o
    0x080057d8   0x080057d8   0x00000050   Code   RO           24    i.IMU901_UART_RxCpltCallback  imu901.o
    0x08005828   0x08005828   0x000001ac   Code   RO          609    i.ImuLevel_Process20ms  main.o
    0x080059d4   0x080059d4   0x00000058   Code   RO          610    i.ImuLevel_RequestHome  main.o
    0x08005a2c   0x08005a2c   0x00000058   Code   RO          611    i.ImuLevel_Reset    main.o
    0x08005a84   0x08005a84   0x00000050   Code   RO          612    i.ImuLevel_StartZeroAfterHome  main.o
    0x08005ad4   0x08005ad4   0x000001a6   Code   RO          613    i.K3Cascade_Process20ms  main.o
    0x08005c7a   0x08005c7a   0x00000014   Code   RO          614    i.K3Cascade_Reset   main.o
    0x08005c8e   0x08005c8e   0x00000002   PAD
    0x08005c90   0x08005c90   0x00000138   Code   RO          864    i.MX_GPIO_Init      gpio.o
    0x08005dc8   0x08005dc8   0x00000058   Code   RO          890    i.MX_I2C1_Init      i2c.o
    0x08005e20   0x08005e20   0x00000058   Code   RO          891    i.MX_I2C2_Init      i2c.o
    0x08005e78   0x08005e78   0x00000068   Code   RO          938    i.MX_SPI1_Init      spi.o
    0x08005ee0   0x08005ee0   0x0000009c   Code   RO          981    i.MX_TIM3_Init      tim.o
    0x08005f7c   0x08005f7c   0x00000048   Code   RO          982    i.MX_TIM6_Init      tim.o
    0x08005fc4   0x08005fc4   0x00000068   Code   RO         1034    i.MX_USART1_UART_Init  usart.o
    0x0800602c   0x0800602c   0x00000068   Code   RO         1035    i.MX_USART2_UART_Init  usart.o
    0x08006094   0x08006094   0x00000068   Code   RO         1036    i.MX_USART3_UART_Init  usart.o
    0x080060fc   0x080060fc   0x00000002   Code   RO         1090    i.MemManage_Handler  stm32h7xx_it.o
    0x080060fe   0x080060fe   0x00000002   PAD
    0x08006100   0x08006100   0x00000070   Code   RO          615    i.Motor_ConfigStepGpio  main.o
    0x08006170   0x08006170   0x00000050   Code   RO          616    i.Motor_Enable      main.o
    0x080061c0   0x080061c0   0x00000060   Code   RO          617    i.Motor_RequestHome  main.o
    0x08006220   0x08006220   0x00000060   Code   RO          618    i.Motor_RequestSerialDisable  main.o
    0x08006280   0x08006280   0x00000034   Code   RO          619    i.Motor_SendSerialEnable  main.o
    0x080062b4   0x080062b4   0x00000048   Code   RO          620    i.Motor_Stop        main.o
    0x080062fc   0x080062fc   0x00000058   Code   RO          621    i.Motor_UpdateEstimatedPosition20ms  main.o
    0x08006354   0x08006354   0x00000002   Code   RO         1091    i.NMI_Handler       stm32h7xx_it.o
    0x08006356   0x08006356   0x0000002a   Code   RO          332    i.OLED_Clear        oled.o
    0x08006380   0x08006380   0x00000054   Code   RO          334    i.OLED_Init         oled.o
    0x080063d4   0x080063d4   0x0000000c   Code   RO          335    i.OLED_IsOk         oled.o
    0x080063e0   0x080063e0   0x00000022   Code   RO          337    i.OLED_SetCursor    oled.o
    0x08006402   0x08006402   0x00000002   PAD
    0x08006404   0x08006404   0x00000070   Code   RO          339    i.OLED_ShowChar     oled.o
    0x08006474   0x08006474   0x0000002e   Code   RO          343    i.OLED_ShowString   oled.o
    0x080064a2   0x080064a2   0x00000002   PAD
    0x080064a4   0x080064a4   0x00000020   Code   RO          344    i.OLED_WriteCommand  oled.o
    0x080064c4   0x080064c4   0x0000000c   Code   RO          345    i.OLED_WriteData    oled.o
    0x080064d0   0x080064d0   0x00000070   Code   RO          346    i.OLED_WriteDataBuffer  oled.o
    0x08006540   0x08006540   0x00000618   Code   RO          622    i.Oled_DrawStatus   main.o
    0x08006b58   0x08006b58   0x0000003e   Code   RO          623    i.Oled_ShowLine     main.o
    0x08006b96   0x08006b96   0x00000002   Code   RO         1092    i.PendSV_Handler    stm32h7xx_it.o
    0x08006b98   0x08006b98   0x00000120   Code   RO         1491    i.RCCEx_PLL2_Config  stm32h7xx_hal_rcc_ex.o
    0x08006cb8   0x08006cb8   0x00000120   Code   RO         1492    i.RCCEx_PLL3_Config  stm32h7xx_hal_rcc_ex.o
    0x08006dd8   0x08006dd8   0x00000002   Code   RO         1093    i.SVC_Handler       stm32h7xx_it.o
    0x08006dda   0x08006dda   0x00000002   PAD
    0x08006ddc   0x08006ddc   0x00000088   Code   RO          624    i.SwingTest_Process1ms  main.o
    0x08006e64   0x08006e64   0x000000a0   Code   RO          625    i.SwingTest_Process20ms  main.o
    0x08006f04   0x08006f04   0x00000004   Code   RO         1094    i.SysTick_Handler   stm32h7xx_it.o
    0x08006f08   0x08006f08   0x000000a8   Code   RO          626    i.SystemClock_Config  main.o
    0x08006fb0   0x08006fb0   0x000000f8   Code   RO         5476    i.SystemInit        system_stm32h7xx.o
    0x080070a8   0x080070a8   0x0000000c   Code   RO         1095    i.TIM6_DAC_IRQHandler  stm32h7xx_it.o
    0x080070b4   0x080070b4   0x000000cc   Code   RO         4024    i.TIM_Base_SetConfig  stm32h7xx_hal_tim.o
    0x08007180   0x08007180   0x0000001a   Code   RO         4025    i.TIM_CCxChannelCmd  stm32h7xx_hal_tim.o
    0x0800719a   0x0800719a   0x00000012   Code   RO         4035    i.TIM_ETR_SetConfig  stm32h7xx_hal_tim.o
    0x080071ac   0x080071ac   0x00000014   Code   RO         4036    i.TIM_ITRx_SetConfig  stm32h7xx_hal_tim.o
    0x080071c0   0x080071c0   0x000000ac   Code   RO         4037    i.TIM_OC1_SetConfig  stm32h7xx_hal_tim.o
    0x0800726c   0x0800726c   0x0000009c   Code   RO         4038    i.TIM_OC2_SetConfig  stm32h7xx_hal_tim.o
    0x08007308   0x08007308   0x0000009c   Code   RO         4039    i.TIM_OC3_SetConfig  stm32h7xx_hal_tim.o
    0x080073a4   0x080073a4   0x00000078   Code   RO         4040    i.TIM_OC4_SetConfig  stm32h7xx_hal_tim.o
    0x0800741c   0x0800741c   0x00000074   Code   RO         4041    i.TIM_OC5_SetConfig  stm32h7xx_hal_tim.o
    0x08007490   0x08007490   0x00000074   Code   RO         4042    i.TIM_OC6_SetConfig  stm32h7xx_hal_tim.o
    0x08007504   0x08007504   0x0000005c   Code   RO         4044    i.TIM_TI1_ConfigInputStage  stm32h7xx_hal_tim.o
    0x08007560   0x08007560   0x00000040   Code   RO         4046    i.TIM_TI2_ConfigInputStage  stm32h7xx_hal_tim.o
    0x080075a0   0x080075a0   0x000003cc   Code   RO          627    i.Tracking_Process20ms  main.o
    0x0800796c   0x0800796c   0x00000048   Code   RO          628    i.Tracking_ResetPid  main.o
    0x080079b4   0x080079b4   0x00000060   Code   RO          629    i.Tracking_StartAtTarget  main.o
    0x08007a14   0x08007a14   0x00000044   Code   RO         5370    i.UARTEx_SetNbDataToProcess  stm32h7xx_hal_uart_ex.o
    0x08007a58   0x08007a58   0x000000c8   Code   RO         4979    i.UART_AdvFeatureConfig  stm32h7xx_hal_uart.o
    0x08007b20   0x08007b20   0x000000aa   Code   RO         4980    i.UART_CheckIdleState  stm32h7xx_hal_uart.o
    0x08007bca   0x08007bca   0x0000000a   Code   RO         4981    i.UART_DMAAbortOnError  stm32h7xx_hal_uart.o
    0x08007bd4   0x08007bd4   0x00000054   Code   RO         4991    i.UART_EndRxTransfer  stm32h7xx_hal_uart.o
    0x08007c28   0x08007c28   0x000000c8   Code   RO         4993    i.UART_RxISR_16BIT  stm32h7xx_hal_uart.o
    0x08007cf0   0x08007cf0   0x000001a0   Code   RO         4994    i.UART_RxISR_16BIT_FIFOEN  stm32h7xx_hal_uart.o
    0x08007e90   0x08007e90   0x000000c8   Code   RO         4995    i.UART_RxISR_8BIT   stm32h7xx_hal_uart.o
    0x08007f58   0x08007f58   0x000001a0   Code   RO         4996    i.UART_RxISR_8BIT_FIFOEN  stm32h7xx_hal_uart.o
    0x080080f8   0x080080f8   0x000003ac   Code   RO         4997    i.UART_SetConfig    stm32h7xx_hal_uart.o
    0x080084a4   0x080084a4   0x00000110   Code   RO         4999    i.UART_Start_Receive_IT  stm32h7xx_hal_uart.o
    0x080085b4   0x080085b4   0x00000094   Code   RO         5004    i.UART_WaitOnFlagUntilTimeout  stm32h7xx_hal_uart.o
    0x08008648   0x08008648   0x0000000c   Code   RO         1096    i.USART1_IRQHandler  stm32h7xx_it.o
    0x08008654   0x08008654   0x0000000c   Code   RO         1097    i.USART2_IRQHandler  stm32h7xx_it.o
    0x08008660   0x08008660   0x00000002   Code   RO         1098    i.UsageFault_Handler  stm32h7xx_it.o
    0x08008662   0x08008662   0x00000022   Code   RO         1231    i.__NVIC_SetPriority  stm32h7xx_hal_cortex.o
    0x08008684   0x08008684   0x0000000e   Code   RO         5540    i._is_digit         c_w.l(__printf_wp.o)
    0x08008692   0x08008692   0x00000002   PAD
    0x08008694   0x08008694   0x000000d0   Code   RO          630    i.main              main.o
    0x08008764   0x08008764   0x0000002c   Code   RO         5629    locale$$code        c_w.l(lc_ctype_c.o)
    0x08008790   0x08008790   0x0000000a   Code   RO         5702    x$fpl$fpinit        fz_wv.l(fpinit.o)
    0x0800879a   0x0800879a   0x0000001e   Data   RO           26    .constdata          imu901.o
    0x080087b8   0x080087b8   0x00000607   Data   RO          347    .constdata          oled.o
    0x08008dbf   0x08008dbf   0x00000001   PAD
    0x08008dc0   0x08008dc0   0x00000018   Data   RO         5005    .constdata          stm32h7xx_hal_uart.o
    0x08008dd8   0x08008dd8   0x00000010   Data   RO         5371    .constdata          stm32h7xx_hal_uart_ex.o
    0x08008de8   0x08008de8   0x00000010   Data   RO         5477    .constdata          system_stm32h7xx.o
    0x08008df8   0x08008df8   0x00000011   Data   RO         5548    .constdata          c_w.l(__printf_flags_ss_wp.o)
    0x08008e09   0x08008e09   0x00000003   PAD
    0x08008e0c   0x08008e0c   0x00000020   Data   RO         5771    Region$$Table       anon$$obj.o
    0x08008e2c   0x08008e2c   0x00000110   Data   RO         5628    locale$$data        c_w.l(lc_ctype_c.o)


    Execution Region RW_IRAM1 (Exec base: 0x20000000, Load base: 0x08008f3c, Size: 0x00000000, Max: 0x00020000, ABSOLUTE)

    **** No section assigned to this execution region ****


    Execution Region RW_IRAM2 (Exec base: 0x24000000, Load base: 0x08008f3c, Size: 0x00000d30, Max: 0x00080000, ABSOLUTE, COMPRESSED[0x00000030])

    Exec Addr    Load Addr    Size         Type   Attr      Idx    E Section Name        Object

    0x24000000   COMPRESSED   0x00000010   Data   RW           27    .data               imu901.o
    0x24000010   COMPRESSED   0x00000001   Data   RW          248    .data               icm42688.o
    0x24000011   COMPRESSED   0x00000001   Data   RW          348    .data               oled.o
    0x24000012   COMPRESSED   0x00000002   PAD
    0x24000014   COMPRESSED   0x00000014   Data   RW          465    .data               app_k230.o
    0x24000028   COMPRESSED   0x00000134   Data   RW          632    .data               main.o
    0x2400015c   COMPRESSED   0x0000000c   Data   RW         2738    .data               stm32h7xx_hal.o
    0x24000168   COMPRESSED   0x00000008   Data   RW         5478    .data               system_stm32h7xx.o
    0x24000170        -       0x000000dc   Zero   RW           25    .bss                imu901.o
    0x2400024c        -       0x0000002c   Zero   RW          247    .bss                icm42688.o
    0x24000278        -       0x0000008e   Zero   RW          464    .bss                app_k230.o
    0x24000306   COMPRESSED   0x00000002   PAD
    0x24000308        -       0x00000040   Zero   RW          631    .bss                main.o
    0x24000348        -       0x000000a8   Zero   RW          892    .bss                i2c.o
    0x240003f0        -       0x00000088   Zero   RW          939    .bss                spi.o
    0x24000478        -       0x00000098   Zero   RW          983    .bss                tim.o
    0x24000510        -       0x000001bc   Zero   RW         1037    .bss                usart.o
    0x240006cc        -       0x00000060   Zero   RW         5600    .bss                c_w.l(libspace.o)
    0x2400072c   COMPRESSED   0x00000004   PAD
    0x24000730        -       0x00000200   Zero   RW            2    HEAP                startup_stm32h750xx.o
    0x24000930        -       0x00000400   Zero   RW            1    STACK               startup_stm32h750xx.o


==============================================================================

Image component sizes


      Code (inc. data)   RO Data    RW Data    ZI Data      Debug   Object Name

       564         90          0         20        142       8968   app_k230.o
       144          0          0          0          0       2534   ball_balance_profile.o
       312         22          0          0          0       1087   gpio.o
       404         40          0          0        168       2582   i2c.o
        28          8          0          1         44       2653   icm42688.o
       956         94         30         16        220    1336104   imu901.o
      8196        894          0        308         64      51021   main.o
       486         38       1543          1          0       6964   oled.o
       236         22          0          0        136       1849   spi.o
        72         30        664          0       1536        868   startup_stm32h750xx.o
       248         48          0         12          0      24264   stm32h7xx_hal.o
       354         28          0          0          0      41105   stm32h7xx_hal_cortex.o
      1404         70          0          0          0       3843   stm32h7xx_hal_dma.o
       624         50          0          0          0       4299   stm32h7xx_hal_gpio.o
      1458         40          0          0          0      11105   stm32h7xx_hal_i2c.o
       172          0          0          0          0       2039   stm32h7xx_hal_i2c_ex.o
        36          4          0          0          0        850   stm32h7xx_hal_msp.o
        84          6          0          0          0        813   stm32h7xx_hal_pwr_ex.o
      2466        102          0          0          0       7248   stm32h7xx_hal_rcc.o
      3736        118          0          0          0       7953   stm32h7xx_hal_rcc_ex.o
       380         14          0          0          0       1635   stm32h7xx_hal_spi.o
      2654        290          0          0          0      19165   stm32h7xx_hal_tim.o
       170         30          0          0          0       3248   stm32h7xx_hal_tim_ex.o
      4346        196         24          0          0      37253   stm32h7xx_hal_uart.o
       290          6         16          0          0       5602   stm32h7xx_hal_uart_ex.o
        62         18          0          0          0       6249   stm32h7xx_it.o
       276         48         16          8          0       1957   system_stm32h7xx.o
       392         44          0          0        152       3161   tim.o
       680         58          0          0        444       3464   usart.o

    ----------------------------------------------------------------------
     31260       2408       2326        368       2908    1599883   Object Totals
         0          0         32          0          0          0   (incl. Generated)
        30          0          1          2          2          0   (incl. Padding)

    ----------------------------------------------------------------------

      Code (inc. data)   RO Data    RW Data    ZI Data      Debug   Library Member Name

        90          0          0          0          0          0   __dczerorl2.o
         8          0          0          0          0         68   __main.o
       392          4         17          0          0         92   __printf_flags_ss_wp.o
        14          0          0          0          0         68   __printf_wp.o
         0          0          0          0          0          0   __rtentry.o
        12          0          0          0          0          0   __rtentry2.o
         6          0          0          0          0          0   __rtentry4.o
        52          8          0          0          0          0   __scatter.o
        28          0          0          0          0          0   __scatter_zi.o
        28          0          0          0          0         68   _chval.o
         6          0          0          0          0          0   _printf_c.o
        44          0          0          0          0        108   _printf_char.o
        48          6          0          0          0         96   _printf_char_common.o
         6          0          0          0          0          0   _printf_d.o
       120         16          0          0          0         92   _printf_dec.o
       178          0          0          0          0         88   _printf_intcommon.o
        78          0          0          0          0        108   _printf_pad.o
         0          0          0          0          0          0   _printf_percent.o
         4          0          0          0          0          0   _printf_percent_end.o
        82          0          0          0          0         80   _printf_str.o
         6          0          0          0          0          0   _printf_u.o
        16          0          0          0          0         68   _snputc.o
        10          0          0          0          0         68   _sputc.o
       158          0          0          0          0         92   _strtoul.o
        16          0          0          0          0         68   aeabi_memset.o
        18          0          0          0          0         80   exit.o
         6          0          0          0          0        152   heapauxi.o
         0          0          0          0          0          0   indicate_semi.o
        44         10        272          0          0         76   lc_ctype_c.o
         2          0          0          0          0          0   libinit.o
        24          0          0          0          0          0   libinit2.o
         2          0          0          0          0          0   libshutdown.o
         2          0          0          0          0          0   libshutdown2.o
         8          4          0          0         96         68   libspace.o
       238          0          0          0          0        100   lludivv7m.o
        52          4          0          0          0         84   noretval__2snprintf.o
        16          4          0          0          0         76   rt_ctype_table.o
         8          4          0          0          0         68   rt_errno_addr_intlibspace.o
         8          4          0          0          0         68   rt_locale_intlibspace.o
        68          0          0          0          0         68   rt_memclr.o
        78          0          0          0          0         80   rt_memclr_w.o
       138          0          0          0          0         68   rt_memcpy_v6.o
       100          0          0          0          0         80   rt_memcpy_w.o
         2          0          0          0          0          0   rtexit.o
        10          0          0          0          0          0   rtexit2.o
       104          0          0          0          0         68   strcmpv7m_pel.o
       150          0          0          0          0         80   strncmp.o
        86          0          0          0          0         76   strncpy.o
       112          0          0          0          0         88   strtol.o
        12          4          0          0          0         68   sys_exit.o
        74          0          0          0          0         80   sys_stackheap_outer.o
         2          0          0          0          0         68   use_no_semi.o
        10          0          0          0          0        116   fpinit.o

    ----------------------------------------------------------------------
      2790         68        292          0        100       2876   Library Totals
        14          0          3          0          4          0   (incl. Padding)

    ----------------------------------------------------------------------

      Code (inc. data)   RO Data    RW Data    ZI Data      Debug   Library Name

      2766         68        289          0         96       2760   c_w.l
        10          0          0          0          0        116   fz_wv.l

    ----------------------------------------------------------------------
      2790         68        292          0        100       2876   Library Totals

    ----------------------------------------------------------------------

==============================================================================


      Code (inc. data)   RO Data    RW Data    ZI Data      Debug   

     34050       2476       2618        368       3008    1580799   Grand Totals
     34050       2476       2618         48       3008    1580799   ELF Image Totals (compressed)
     34050       2476       2618         48          0          0   ROM Totals

==============================================================================

    Total RO  Size (Code + RO Data)                36668 (  35.81kB)
    Total RW  Size (RW Data + ZI Data)              3376 (   3.30kB)
    Total ROM Size (Code + RO Data + RW Data)      36716 (  35.86kB)

==============================================================================

